<html>
<body>
<pre>
<h1>µVision Build Log</h1>
<h2>Tool Versions:</h2>
IDE-Version: ¦ÌVision V5.41.0.0
Copyright (C) 2024 ARM Ltd and ARM Germany GmbH. All rights reserved.
License Information: 00 Administrator, 00, LIC=----
 
Tool Versions:
Toolchain:       MDK-Lite  Version: 5.41.0.0
Toolchain Path:  F:\Keil5\Keil5 MDK541\ARM\ARMCLANG\Bin
C Compiler:      ArmClang.exe V6.22
Assembler:       Armasm.exe V6.22
Linker/Locator:  ArmLink.exe V6.22
Library Manager: ArmAr.exe V6.22
Hex Converter:   FromElf.exe V6.22
CPU DLL:         
Dialog DLL:      
Target DLL:      CMSIS_AGDI_V8M.DLL V1.8.5.0
Dialog DLL:      TCM.DLL V1.56.4.0
 
<h2>Project:</h2>
D:\MCU_Projects\GD32E230F8_Project\firmware\project\Keil_project\GD32E230F8_Project.uvprojx
Project File Date:  05/29/2026

<h2>Output:</h2>
*** Using Compiler 'V6.22', folder: 'F:\Keil5\Keil5 MDK541\ARM\ARMCLANG\Bin'
Rebuild target 'GD32E23x'
assembling startup_gd32e23x.s...
compiling gd32e23x_it.c...
compiling system_gd32e23x.c...
compiling gd32e23x_misc.c...
compiling bsp_led.c...
compiling gd32e23x_usart.c...
compiling gd32e23x_exti.c...
compiling gd32e23x_syscfg.c...
compiling gd32e23x_gpio.c...
compiling main.c...
compiling gd32e23x_rcu.c...
compiling delay.c...
compiling bsp_uart.c...
linking...
Program Size: Code=7512 RO-data=272 RW-data=8 ZI-data=1032  
FromELF: creating hex file...
".\output\Project.axf" - 0 Error(s), 0 Warning(s).

<h2>Software Packages used:</h2>

Package Vendor: ARM
                https://www.keil.com/pack/ARM.CMSIS.6.1.0.pack
                ARM::CMSIS@6.1.0
                CMSIS (Common Microcontroller Software Interface Standard)
   * Component: CORE Version: 6.1.0

Package Vendor: GigaDevice
                https://gd32mcu.com/data/documents/pack/GigaDevice.GD32E23x_DFP.1.0.2.pack
                GigaDevice::GD32E23x_DFP@1.0.2
                GigaDevice GD32E23x Series Device Support and Examples

<h2>Collection of Component include folders:</h2>
  ./RTE/_GD32E23x
  F:/Keil5/Keil5 MDK541/ARM/CMSIS/6.1.0/CMSIS/Core/Include
  F:/Keil5/Keil5 MDK541/GigaDevice/GD32E23x_DFP/1.0.2/Device/Include

<h2>Collection of Component Files used:</h2>

   * Component: ARM::CMSIS:CORE@6.1.0
Build Time Elapsed:  00:00:02
</pre>
</body>
</html>
