<!doctype html public "-//w3c//dtd html 4.0 transitional//en">
<html><head>
<title>Static Call Graph - [.\output\Project.axf]</title></head>
<body><HR>
<H1>Static Call Graph for image .\output\Project.axf</H1><HR>
<BR><P>#&#060CALLGRAPH&#062# ARM Linker, 6220000: Last Updated: Mon Jun  1 16:41:51 2026
<BR><P>
<H3>Maximum Stack Usage =        196 bytes + Unknown(Cycles, Untraceable Function Pointers)</H3><H3>
Call chain for Maximum Stack Depth:</H3>
main &rArr; app_battery_process &rArr; app_battery_led_show_for &rArr; app_battery_led_update &rArr; app_battery_get_effective_charge_status &rArr; app_battery_is_usb_active &rArr; bsp_charge_get_status &rArr; bsp_charge_is_full &rArr; gpio_input_bit_get
<P>
<H3>
Mutually Recursive functions
</H3> <LI><a href="#[11]">ADC_CMP_IRQHandler</a>&nbsp;&nbsp;&nbsp;&rArr;&nbsp;&nbsp;&nbsp;<a href="#[11]">ADC_CMP_IRQHandler</a><BR>
</UL>
<P>
<H3>
Function Pointers
</H3><UL>
 <LI><a href="#[11]">ADC_CMP_IRQHandler</a> from startup_gd32e23x.o(.text) referenced from startup_gd32e23x.o(RESET)
 <LI><a href="#[e]">DMA_Channel0_IRQHandler</a> from startup_gd32e23x.o(.text) referenced from startup_gd32e23x.o(RESET)
 <LI><a href="#[f]">DMA_Channel1_2_IRQHandler</a> from startup_gd32e23x.o(.text) referenced from startup_gd32e23x.o(RESET)
 <LI><a href="#[10]">DMA_Channel3_4_IRQHandler</a> from startup_gd32e23x.o(.text) referenced from startup_gd32e23x.o(RESET)
 <LI><a href="#[b]">EXTI0_1_IRQHandler</a> from startup_gd32e23x.o(.text) referenced from startup_gd32e23x.o(RESET)
 <LI><a href="#[c]">EXTI2_3_IRQHandler</a> from gd32e23x_it.o(.text.EXTI2_3_IRQHandler) referenced from startup_gd32e23x.o(RESET)
 <LI><a href="#[d]">EXTI4_15_IRQHandler</a> from startup_gd32e23x.o(.text) referenced from startup_gd32e23x.o(RESET)
 <LI><a href="#[9]">FMC_IRQHandler</a> from startup_gd32e23x.o(.text) referenced from startup_gd32e23x.o(RESET)
 <LI><a href="#[2]">HardFault_Handler</a> from gd32e23x_it.o(.text.HardFault_Handler) referenced from startup_gd32e23x.o(RESET)
 <LI><a href="#[20]">I2C0_ER_IRQHandler</a> from startup_gd32e23x.o(.text) referenced from startup_gd32e23x.o(RESET)
 <LI><a href="#[1a]">I2C0_EV_IRQHandler</a> from startup_gd32e23x.o(.text) referenced from startup_gd32e23x.o(RESET)
 <LI><a href="#[21]">I2C1_ER_IRQHandler</a> from startup_gd32e23x.o(.text) referenced from startup_gd32e23x.o(RESET)
 <LI><a href="#[1b]">I2C1_EV_IRQHandler</a> from startup_gd32e23x.o(.text) referenced from startup_gd32e23x.o(RESET)
 <LI><a href="#[7]">LVD_IRQHandler</a> from startup_gd32e23x.o(.text) referenced from startup_gd32e23x.o(RESET)
 <LI><a href="#[1]">NMI_Handler</a> from gd32e23x_it.o(.text.NMI_Handler) referenced from startup_gd32e23x.o(RESET)
 <LI><a href="#[4]">PendSV_Handler</a> from gd32e23x_it.o(.text.PendSV_Handler) referenced from startup_gd32e23x.o(RESET)
 <LI><a href="#[a]">RCU_IRQHandler</a> from startup_gd32e23x.o(.text) referenced from startup_gd32e23x.o(RESET)
 <LI><a href="#[8]">RTC_IRQHandler</a> from startup_gd32e23x.o(.text) referenced from startup_gd32e23x.o(RESET)
 <LI><a href="#[0]">Reset_Handler</a> from startup_gd32e23x.o(.text) referenced from startup_gd32e23x.o(RESET)
 <LI><a href="#[1c]">SPI0_IRQHandler</a> from startup_gd32e23x.o(.text) referenced from startup_gd32e23x.o(RESET)
 <LI><a href="#[1d]">SPI1_IRQHandler</a> from startup_gd32e23x.o(.text) referenced from startup_gd32e23x.o(RESET)
 <LI><a href="#[3]">SVC_Handler</a> from gd32e23x_it.o(.text.SVC_Handler) referenced from startup_gd32e23x.o(RESET)
 <LI><a href="#[5]">SysTick_Handler</a> from gd32e23x_it.o(.text.SysTick_Handler) referenced from startup_gd32e23x.o(RESET)
 <LI><a href="#[23]">SystemInit</a> from system_gd32e23x.o(.text.SystemInit) referenced from startup_gd32e23x.o(.text)
 <LI><a href="#[12]">TIMER0_BRK_UP_TRG_COM_IRQHandler</a> from startup_gd32e23x.o(.text) referenced from startup_gd32e23x.o(RESET)
 <LI><a href="#[13]">TIMER0_Channel_IRQHandler</a> from startup_gd32e23x.o(.text) referenced from startup_gd32e23x.o(RESET)
 <LI><a href="#[16]">TIMER13_IRQHandler</a> from startup_gd32e23x.o(.text) referenced from startup_gd32e23x.o(RESET)
 <LI><a href="#[17]">TIMER14_IRQHandler</a> from startup_gd32e23x.o(.text) referenced from startup_gd32e23x.o(RESET)
 <LI><a href="#[18]">TIMER15_IRQHandler</a> from startup_gd32e23x.o(.text) referenced from startup_gd32e23x.o(RESET)
 <LI><a href="#[19]">TIMER16_IRQHandler</a> from startup_gd32e23x.o(.text) referenced from startup_gd32e23x.o(RESET)
 <LI><a href="#[14]">TIMER2_IRQHandler</a> from startup_gd32e23x.o(.text) referenced from startup_gd32e23x.o(RESET)
 <LI><a href="#[15]">TIMER5_IRQHandler</a> from startup_gd32e23x.o(.text) referenced from startup_gd32e23x.o(RESET)
 <LI><a href="#[1e]">USART0_IRQHandler</a> from gd32e23x_it.o(.text.USART0_IRQHandler) referenced from startup_gd32e23x.o(RESET)
 <LI><a href="#[1f]">USART1_IRQHandler</a> from startup_gd32e23x.o(.text) referenced from startup_gd32e23x.o(RESET)
 <LI><a href="#[6]">WWDGT_IRQHandler</a> from startup_gd32e23x.o(.text) referenced from startup_gd32e23x.o(RESET)
 <LI><a href="#[24]">__main</a> from entry.o(.ARM.Collect$$$$00000000) referenced from startup_gd32e23x.o(.text)
 <LI><a href="#[22]">main</a> from main.o(.text.main) referenced from entry9a.o(.ARM.Collect$$$$0000000B)
</UL>
<P>
<H3>
Global Symbols
</H3>
<P><STRONG><a name="[24]"></a>__main</STRONG> (Thumb, 0 bytes, Stack size unknown bytes, entry.o(.ARM.Collect$$$$00000000))
<BR>[Address Reference Count : 1]<UL><LI> startup_gd32e23x.o(.text)
</UL>
<P><STRONG><a name="[96]"></a>_main_stk</STRONG> (Thumb, 0 bytes, Stack size unknown bytes, entry2.o(.ARM.Collect$$$$00000001))

<P><STRONG><a name="[25]"></a>_main_scatterload</STRONG> (Thumb, 0 bytes, Stack size unknown bytes, entry5.o(.ARM.Collect$$$$00000004))
<BR><BR>[Calls]<UL><LI><a href="#[26]">&gt;&gt;</a>&nbsp;&nbsp;&nbsp;__scatterload
</UL>

<P><STRONG><a name="[27]"></a>__main_after_scatterload</STRONG> (Thumb, 0 bytes, Stack size unknown bytes, entry5.o(.ARM.Collect$$$$00000004))
<BR><BR>[Called By]<UL><LI><a href="#[26]">&gt;&gt;</a>&nbsp;&nbsp;&nbsp;__scatterload
</UL>

<P><STRONG><a name="[97]"></a>_main_clock</STRONG> (Thumb, 0 bytes, Stack size unknown bytes, entry7b.o(.ARM.Collect$$$$00000008))

<P><STRONG><a name="[98]"></a>_main_cpp_init</STRONG> (Thumb, 0 bytes, Stack size unknown bytes, entry8b.o(.ARM.Collect$$$$0000000A))

<P><STRONG><a name="[99]"></a>_main_init</STRONG> (Thumb, 0 bytes, Stack size unknown bytes, entry9a.o(.ARM.Collect$$$$0000000B))

<P><STRONG><a name="[9a]"></a>__rt_final_cpp</STRONG> (Thumb, 0 bytes, Stack size unknown bytes, entry10a.o(.ARM.Collect$$$$0000000D))

<P><STRONG><a name="[9b]"></a>__rt_final_exit</STRONG> (Thumb, 0 bytes, Stack size unknown bytes, entry11a.o(.ARM.Collect$$$$0000000F))

<P><STRONG><a name="[0]"></a>Reset_Handler</STRONG> (Thumb, 34 bytes, Stack size 0 bytes, startup_gd32e23x.o(.text))
<BR>[Address Reference Count : 1]<UL><LI> startup_gd32e23x.o(RESET)
</UL>
<P><STRONG><a name="[11]"></a>ADC_CMP_IRQHandler</STRONG> (Thumb, 0 bytes, Stack size 0 bytes, startup_gd32e23x.o(.text))
<BR><BR>[Calls]<UL><LI><a href="#[11]">&gt;&gt;</a>&nbsp;&nbsp;&nbsp;ADC_CMP_IRQHandler
</UL>
<BR>[Called By]<UL><LI><a href="#[11]">&gt;&gt;</a>&nbsp;&nbsp;&nbsp;ADC_CMP_IRQHandler
</UL>
<BR>[Address Reference Count : 1]<UL><LI> startup_gd32e23x.o(RESET)
</UL>
<P><STRONG><a name="[e]"></a>DMA_Channel0_IRQHandler</STRONG> (Thumb, 0 bytes, Stack size 0 bytes, startup_gd32e23x.o(.text))
<BR>[Address Reference Count : 1]<UL><LI> startup_gd32e23x.o(RESET)
</UL>
<P><STRONG><a name="[f]"></a>DMA_Channel1_2_IRQHandler</STRONG> (Thumb, 0 bytes, Stack size 0 bytes, startup_gd32e23x.o(.text))
<BR>[Address Reference Count : 1]<UL><LI> startup_gd32e23x.o(RESET)
</UL>
<P><STRONG><a name="[10]"></a>DMA_Channel3_4_IRQHandler</STRONG> (Thumb, 0 bytes, Stack size 0 bytes, startup_gd32e23x.o(.text))
<BR>[Address Reference Count : 1]<UL><LI> startup_gd32e23x.o(RESET)
</UL>
<P><STRONG><a name="[b]"></a>EXTI0_1_IRQHandler</STRONG> (Thumb, 0 bytes, Stack size 0 bytes, startup_gd32e23x.o(.text))
<BR>[Address Reference Count : 1]<UL><LI> startup_gd32e23x.o(RESET)
</UL>
<P><STRONG><a name="[d]"></a>EXTI4_15_IRQHandler</STRONG> (Thumb, 0 bytes, Stack size 0 bytes, startup_gd32e23x.o(.text))
<BR>[Address Reference Count : 1]<UL><LI> startup_gd32e23x.o(RESET)
</UL>
<P><STRONG><a name="[9]"></a>FMC_IRQHandler</STRONG> (Thumb, 0 bytes, Stack size 0 bytes, startup_gd32e23x.o(.text))
<BR>[Address Reference Count : 1]<UL><LI> startup_gd32e23x.o(RESET)
</UL>
<P><STRONG><a name="[20]"></a>I2C0_ER_IRQHandler</STRONG> (Thumb, 0 bytes, Stack size 0 bytes, startup_gd32e23x.o(.text))
<BR>[Address Reference Count : 1]<UL><LI> startup_gd32e23x.o(RESET)
</UL>
<P><STRONG><a name="[1a]"></a>I2C0_EV_IRQHandler</STRONG> (Thumb, 0 bytes, Stack size 0 bytes, startup_gd32e23x.o(.text))
<BR>[Address Reference Count : 1]<UL><LI> startup_gd32e23x.o(RESET)
</UL>
<P><STRONG><a name="[21]"></a>I2C1_ER_IRQHandler</STRONG> (Thumb, 0 bytes, Stack size 0 bytes, startup_gd32e23x.o(.text))
<BR>[Address Reference Count : 1]<UL><LI> startup_gd32e23x.o(RESET)
</UL>
<P><STRONG><a name="[1b]"></a>I2C1_EV_IRQHandler</STRONG> (Thumb, 0 bytes, Stack size 0 bytes, startup_gd32e23x.o(.text))
<BR>[Address Reference Count : 1]<UL><LI> startup_gd32e23x.o(RESET)
</UL>
<P><STRONG><a name="[7]"></a>LVD_IRQHandler</STRONG> (Thumb, 0 bytes, Stack size 0 bytes, startup_gd32e23x.o(.text))
<BR>[Address Reference Count : 1]<UL><LI> startup_gd32e23x.o(RESET)
</UL>
<P><STRONG><a name="[a]"></a>RCU_IRQHandler</STRONG> (Thumb, 0 bytes, Stack size 0 bytes, startup_gd32e23x.o(.text))
<BR>[Address Reference Count : 1]<UL><LI> startup_gd32e23x.o(RESET)
</UL>
<P><STRONG><a name="[8]"></a>RTC_IRQHandler</STRONG> (Thumb, 0 bytes, Stack size 0 bytes, startup_gd32e23x.o(.text))
<BR>[Address Reference Count : 1]<UL><LI> startup_gd32e23x.o(RESET)
</UL>
<P><STRONG><a name="[1c]"></a>SPI0_IRQHandler</STRONG> (Thumb, 0 bytes, Stack size 0 bytes, startup_gd32e23x.o(.text))
<BR>[Address Reference Count : 1]<UL><LI> startup_gd32e23x.o(RESET)
</UL>
<P><STRONG><a name="[1d]"></a>SPI1_IRQHandler</STRONG> (Thumb, 0 bytes, Stack size 0 bytes, startup_gd32e23x.o(.text))
<BR>[Address Reference Count : 1]<UL><LI> startup_gd32e23x.o(RESET)
</UL>
<P><STRONG><a name="[12]"></a>TIMER0_BRK_UP_TRG_COM_IRQHandler</STRONG> (Thumb, 0 bytes, Stack size 0 bytes, startup_gd32e23x.o(.text))
<BR>[Address Reference Count : 1]<UL><LI> startup_gd32e23x.o(RESET)
</UL>
<P><STRONG><a name="[13]"></a>TIMER0_Channel_IRQHandler</STRONG> (Thumb, 0 bytes, Stack size 0 bytes, startup_gd32e23x.o(.text))
<BR>[Address Reference Count : 1]<UL><LI> startup_gd32e23x.o(RESET)
</UL>
<P><STRONG><a name="[16]"></a>TIMER13_IRQHandler</STRONG> (Thumb, 0 bytes, Stack size 0 bytes, startup_gd32e23x.o(.text))
<BR>[Address Reference Count : 1]<UL><LI> startup_gd32e23x.o(RESET)
</UL>
<P><STRONG><a name="[17]"></a>TIMER14_IRQHandler</STRONG> (Thumb, 0 bytes, Stack size 0 bytes, startup_gd32e23x.o(.text))
<BR>[Address Reference Count : 1]<UL><LI> startup_gd32e23x.o(RESET)
</UL>
<P><STRONG><a name="[18]"></a>TIMER15_IRQHandler</STRONG> (Thumb, 0 bytes, Stack size 0 bytes, startup_gd32e23x.o(.text))
<BR>[Address Reference Count : 1]<UL><LI> startup_gd32e23x.o(RESET)
</UL>
<P><STRONG><a name="[19]"></a>TIMER16_IRQHandler</STRONG> (Thumb, 0 bytes, Stack size 0 bytes, startup_gd32e23x.o(.text))
<BR>[Address Reference Count : 1]<UL><LI> startup_gd32e23x.o(RESET)
</UL>
<P><STRONG><a name="[14]"></a>TIMER2_IRQHandler</STRONG> (Thumb, 0 bytes, Stack size 0 bytes, startup_gd32e23x.o(.text))
<BR>[Address Reference Count : 1]<UL><LI> startup_gd32e23x.o(RESET)
</UL>
<P><STRONG><a name="[15]"></a>TIMER5_IRQHandler</STRONG> (Thumb, 0 bytes, Stack size 0 bytes, startup_gd32e23x.o(.text))
<BR>[Address Reference Count : 1]<UL><LI> startup_gd32e23x.o(RESET)
</UL>
<P><STRONG><a name="[1f]"></a>USART1_IRQHandler</STRONG> (Thumb, 0 bytes, Stack size 0 bytes, startup_gd32e23x.o(.text))
<BR>[Address Reference Count : 1]<UL><LI> startup_gd32e23x.o(RESET)
</UL>
<P><STRONG><a name="[6]"></a>WWDGT_IRQHandler</STRONG> (Thumb, 0 bytes, Stack size 0 bytes, startup_gd32e23x.o(.text))
<BR>[Address Reference Count : 1]<UL><LI> startup_gd32e23x.o(RESET)
</UL>
<P><STRONG><a name="[26]"></a>__scatterload</STRONG> (Thumb, 38 bytes, Stack size 0 bytes, init.o(.text))
<BR><BR>[Calls]<UL><LI><a href="#[27]">&gt;&gt;</a>&nbsp;&nbsp;&nbsp;__main_after_scatterload
</UL>
<BR>[Called By]<UL><LI><a href="#[25]">&gt;&gt;</a>&nbsp;&nbsp;&nbsp;_main_scatterload
</UL>

<P><STRONG><a name="[9c]"></a>__scatterload_rt2</STRONG> (Thumb, 0 bytes, Stack size 0 bytes, init.o(.text), UNUSED)

<P><STRONG><a name="[c]"></a>EXTI2_3_IRQHandler</STRONG> (Thumb, 8 bytes, Stack size 8 bytes, gd32e23x_it.o(.text.EXTI2_3_IRQHandler))
<BR><BR>[Stack]<UL><LI>Max Depth = 44<LI>Call Chain = EXTI2_3_IRQHandler &rArr; bsp_key_exti_irq_handler &rArr; bsp_key_sub_read &rArr; gpio_input_bit_get
</UL>
<BR>[Calls]<UL><LI><a href="#[28]">&gt;&gt;</a>&nbsp;&nbsp;&nbsp;bsp_key_exti_irq_handler
</UL>
<BR>[Address Reference Count : 1]<UL><LI> startup_gd32e23x.o(RESET)
</UL>
<P><STRONG><a name="[2]"></a>HardFault_Handler</STRONG> (Thumb, 4 bytes, Stack size 0 bytes, gd32e23x_it.o(.text.HardFault_Handler))
<BR>[Address Reference Count : 1]<UL><LI> startup_gd32e23x.o(RESET)
</UL>
<P><STRONG><a name="[1]"></a>NMI_Handler</STRONG> (Thumb, 36 bytes, Stack size 8 bytes, gd32e23x_it.o(.text.NMI_Handler))
<BR><BR>[Stack]<UL><LI>Max Depth = 16<LI>Call Chain = NMI_Handler &rArr; syscfg_flag_get
</UL>
<BR>[Calls]<UL><LI><a href="#[29]">&gt;&gt;</a>&nbsp;&nbsp;&nbsp;syscfg_flag_get
</UL>
<BR>[Address Reference Count : 1]<UL><LI> startup_gd32e23x.o(RESET)
</UL>
<P><STRONG><a name="[4]"></a>PendSV_Handler</STRONG> (Thumb, 4 bytes, Stack size 0 bytes, gd32e23x_it.o(.text.PendSV_Handler))
<BR>[Address Reference Count : 1]<UL><LI> startup_gd32e23x.o(RESET)
</UL>
<P><STRONG><a name="[3]"></a>SVC_Handler</STRONG> (Thumb, 4 bytes, Stack size 0 bytes, gd32e23x_it.o(.text.SVC_Handler))
<BR>[Address Reference Count : 1]<UL><LI> startup_gd32e23x.o(RESET)
</UL>
<P><STRONG><a name="[5]"></a>SysTick_Handler</STRONG> (Thumb, 8 bytes, Stack size 8 bytes, gd32e23x_it.o(.text.SysTick_Handler))
<BR><BR>[Stack]<UL><LI>Max Depth = 8<LI>Call Chain = SysTick_Handler
</UL>
<BR>[Calls]<UL><LI><a href="#[2c]">&gt;&gt;</a>&nbsp;&nbsp;&nbsp;delay_decrement
</UL>
<BR>[Address Reference Count : 1]<UL><LI> startup_gd32e23x.o(RESET)
</UL>
<P><STRONG><a name="[23]"></a>SystemInit</STRONG> (Thumb, 272 bytes, Stack size 32 bytes, system_gd32e23x.o(.text.SystemInit))
<BR><BR>[Stack]<UL><LI>Max Depth = 68<LI>Call Chain = SystemInit &rArr; system_clock_config &rArr; system_clock_72m_irc8m
</UL>
<BR>[Calls]<UL><LI><a href="#[2f]">&gt;&gt;</a>&nbsp;&nbsp;&nbsp;nvic_vector_table_set
<LI><a href="#[2e]">&gt;&gt;</a>&nbsp;&nbsp;&nbsp;system_clock_config
<LI><a href="#[2d]">&gt;&gt;</a>&nbsp;&nbsp;&nbsp;_soft_delay_
</UL>
<BR>[Address Reference Count : 1]<UL><LI> startup_gd32e23x.o(.text)
</UL>
<P><STRONG><a name="[1e]"></a>USART0_IRQHandler</STRONG> (Thumb, 40 bytes, Stack size 16 bytes, gd32e23x_it.o(.text.USART0_IRQHandler))
<BR><BR>[Stack]<UL><LI>Max Depth = 44<LI>Call Chain = USART0_IRQHandler &rArr; usart_interrupt_flag_get
</UL>
<BR>[Calls]<UL><LI><a href="#[32]">&gt;&gt;</a>&nbsp;&nbsp;&nbsp;uart_ringbuffer_push
<LI><a href="#[31]">&gt;&gt;</a>&nbsp;&nbsp;&nbsp;usart_data_receive
<LI><a href="#[30]">&gt;&gt;</a>&nbsp;&nbsp;&nbsp;usart_interrupt_flag_get
</UL>
<BR>[Address Reference Count : 1]<UL><LI> startup_gd32e23x.o(RESET)
</UL>
<P><STRONG><a name="[63]"></a>adc_channel_length_config</STRONG> (Thumb, 96 bytes, Stack size 12 bytes, gd32e23x_adc.o(.text.adc_channel_length_config))
<BR><BR>[Stack]<UL><LI>Max Depth = 12<LI>Call Chain = adc_channel_length_config
</UL>
<BR>[Called By]<UL><LI><a href="#[5e]">&gt;&gt;</a>&nbsp;&nbsp;&nbsp;bsp_adc_init
</UL>

<P><STRONG><a name="[61]"></a>adc_data_alignment_config</STRONG> (Thumb, 44 bytes, Stack size 4 bytes, gd32e23x_adc.o(.text.adc_data_alignment_config))
<BR><BR>[Stack]<UL><LI>Max Depth = 4<LI>Call Chain = adc_data_alignment_config
</UL>
<BR>[Called By]<UL><LI><a href="#[5e]">&gt;&gt;</a>&nbsp;&nbsp;&nbsp;bsp_adc_init
</UL>

<P><STRONG><a name="[33]"></a>adc_deinit</STRONG> (Thumb, 24 bytes, Stack size 16 bytes, gd32e23x_adc.o(.text.adc_deinit))
<BR><BR>[Stack]<UL><LI>Max Depth = 20<LI>Call Chain = adc_deinit &rArr; rcu_periph_reset_disable
</UL>
<BR>[Calls]<UL><LI><a href="#[35]">&gt;&gt;</a>&nbsp;&nbsp;&nbsp;rcu_periph_reset_disable
<LI><a href="#[34]">&gt;&gt;</a>&nbsp;&nbsp;&nbsp;rcu_periph_reset_enable
</UL>
<BR>[Called By]<UL><LI><a href="#[5e]">&gt;&gt;</a>&nbsp;&nbsp;&nbsp;bsp_adc_init
</UL>

<P><STRONG><a name="[66]"></a>adc_enable</STRONG> (Thumb, 24 bytes, Stack size 0 bytes, gd32e23x_adc.o(.text.adc_enable))
<BR><BR>[Called By]<UL><LI><a href="#[5e]">&gt;&gt;</a>&nbsp;&nbsp;&nbsp;bsp_adc_init
</UL>

<P><STRONG><a name="[65]"></a>adc_external_trigger_config</STRONG> (Thumb, 124 bytes, Stack size 8 bytes, gd32e23x_adc.o(.text.adc_external_trigger_config))
<BR><BR>[Stack]<UL><LI>Max Depth = 8<LI>Call Chain = adc_external_trigger_config
</UL>
<BR>[Called By]<UL><LI><a href="#[5e]">&gt;&gt;</a>&nbsp;&nbsp;&nbsp;bsp_adc_init
</UL>

<P><STRONG><a name="[64]"></a>adc_external_trigger_source_config</STRONG> (Thumb, 80 bytes, Stack size 12 bytes, gd32e23x_adc.o(.text.adc_external_trigger_source_config))
<BR><BR>[Stack]<UL><LI>Max Depth = 12<LI>Call Chain = adc_external_trigger_source_config
</UL>
<BR>[Called By]<UL><LI><a href="#[5e]">&gt;&gt;</a>&nbsp;&nbsp;&nbsp;bsp_adc_init
</UL>

<P><STRONG><a name="[6b]"></a>adc_flag_clear</STRONG> (Thumb, 20 bytes, Stack size 4 bytes, gd32e23x_adc.o(.text.adc_flag_clear))
<BR><BR>[Stack]<UL><LI>Max Depth = 4<LI>Call Chain = adc_flag_clear
</UL>
<BR>[Called By]<UL><LI><a href="#[69]">&gt;&gt;</a>&nbsp;&nbsp;&nbsp;bsp_adc_read_raw
</UL>

<P><STRONG><a name="[6d]"></a>adc_flag_get</STRONG> (Thumb, 40 bytes, Stack size 8 bytes, gd32e23x_adc.o(.text.adc_flag_get))
<BR><BR>[Stack]<UL><LI>Max Depth = 8<LI>Call Chain = adc_flag_get
</UL>
<BR>[Called By]<UL><LI><a href="#[69]">&gt;&gt;</a>&nbsp;&nbsp;&nbsp;bsp_adc_read_raw
</UL>

<P><STRONG><a name="[6a]"></a>adc_regular_channel_config</STRONG> (Thumb, 328 bytes, Stack size 28 bytes, gd32e23x_adc.o(.text.adc_regular_channel_config))
<BR><BR>[Stack]<UL><LI>Max Depth = 28<LI>Call Chain = adc_regular_channel_config
</UL>
<BR>[Called By]<UL><LI><a href="#[69]">&gt;&gt;</a>&nbsp;&nbsp;&nbsp;bsp_adc_read_raw
</UL>

<P><STRONG><a name="[6e]"></a>adc_regular_data_read</STRONG> (Thumb, 8 bytes, Stack size 0 bytes, gd32e23x_adc.o(.text.adc_regular_data_read))
<BR><BR>[Called By]<UL><LI><a href="#[69]">&gt;&gt;</a>&nbsp;&nbsp;&nbsp;bsp_adc_read_raw
</UL>

<P><STRONG><a name="[60]"></a>adc_resolution_config</STRONG> (Thumb, 28 bytes, Stack size 4 bytes, gd32e23x_adc.o(.text.adc_resolution_config))
<BR><BR>[Stack]<UL><LI>Max Depth = 4<LI>Call Chain = adc_resolution_config
</UL>
<BR>[Called By]<UL><LI><a href="#[5e]">&gt;&gt;</a>&nbsp;&nbsp;&nbsp;bsp_adc_init
</UL>

<P><STRONG><a name="[6c]"></a>adc_software_trigger_enable</STRONG> (Thumb, 60 bytes, Stack size 4 bytes, gd32e23x_adc.o(.text.adc_software_trigger_enable))
<BR><BR>[Stack]<UL><LI>Max Depth = 4<LI>Call Chain = adc_software_trigger_enable
</UL>
<BR>[Called By]<UL><LI><a href="#[69]">&gt;&gt;</a>&nbsp;&nbsp;&nbsp;bsp_adc_read_raw
</UL>

<P><STRONG><a name="[62]"></a>adc_special_function_config</STRONG> (Thumb, 172 bytes, Stack size 8 bytes, gd32e23x_adc.o(.text.adc_special_function_config))
<BR><BR>[Stack]<UL><LI>Max Depth = 8<LI>Call Chain = adc_special_function_config
</UL>
<BR>[Called By]<UL><LI><a href="#[5e]">&gt;&gt;</a>&nbsp;&nbsp;&nbsp;bsp_adc_init
</UL>

<P><STRONG><a name="[3c]"></a>app_battery_init</STRONG> (Thumb, 88 bytes, Stack size 16 bytes, app_battery_1.o(.text.app_battery_init))
<BR><BR>[Stack]<UL><LI>Max Depth = 164<LI>Call Chain = app_battery_init &rArr; app_battery_led_show_for &rArr; app_battery_led_update &rArr; app_battery_get_effective_charge_status &rArr; app_battery_is_usb_active &rArr; bsp_charge_get_status &rArr; bsp_charge_is_full &rArr; gpio_input_bit_get
</UL>
<BR>[Calls]<UL><LI><a href="#[3d]">&gt;&gt;</a>&nbsp;&nbsp;&nbsp;app_battery_switch_det_init
<LI><a href="#[3a]">&gt;&gt;</a>&nbsp;&nbsp;&nbsp;app_battery_is_usb_active
<LI><a href="#[38]">&gt;&gt;</a>&nbsp;&nbsp;&nbsp;app_battery_get_effective_charge_status
<LI><a href="#[3f]">&gt;&gt;</a>&nbsp;&nbsp;&nbsp;app_battery_update_value
<LI><a href="#[42]">&gt;&gt;</a>&nbsp;&nbsp;&nbsp;app_battery_led_hide
<LI><a href="#[40]">&gt;&gt;</a>&nbsp;&nbsp;&nbsp;app_battery_is_switch_on
<LI><a href="#[41]">&gt;&gt;</a>&nbsp;&nbsp;&nbsp;app_battery_led_show_for
<LI><a href="#[3e]">&gt;&gt;</a>&nbsp;&nbsp;&nbsp;bsp_battery_led_init
</UL>
<BR>[Called By]<UL><LI><a href="#[22]">&gt;&gt;</a>&nbsp;&nbsp;&nbsp;main
</UL>

<P><STRONG><a name="[40]"></a>app_battery_is_switch_on</STRONG> (Thumb, 20 bytes, Stack size 8 bytes, app_battery_1.o(.text.app_battery_is_switch_on))
<BR><BR>[Stack]<UL><LI>Max Depth = 20<LI>Call Chain = app_battery_is_switch_on &rArr; gpio_input_bit_get
</UL>
<BR>[Calls]<UL><LI><a href="#[43]">&gt;&gt;</a>&nbsp;&nbsp;&nbsp;gpio_input_bit_get
</UL>
<BR>[Called By]<UL><LI><a href="#[4a]">&gt;&gt;</a>&nbsp;&nbsp;&nbsp;app_battery_process
<LI><a href="#[3c]">&gt;&gt;</a>&nbsp;&nbsp;&nbsp;app_battery_init
<LI><a href="#[47]">&gt;&gt;</a>&nbsp;&nbsp;&nbsp;app_battery_led_update
</UL>

<P><STRONG><a name="[42]"></a>app_battery_led_hide</STRONG> (Thumb, 16 bytes, Stack size 8 bytes, app_battery_1.o(.text.app_battery_led_hide))
<BR><BR>[Stack]<UL><LI>Max Depth = 48<LI>Call Chain = app_battery_led_hide &rArr; bsp_battery_led_all_off &rArr; bat_led_off &rArr; gpio_bit_reset
</UL>
<BR>[Calls]<UL><LI><a href="#[45]">&gt;&gt;</a>&nbsp;&nbsp;&nbsp;bsp_battery_led_all_off
</UL>
<BR>[Called By]<UL><LI><a href="#[3c]">&gt;&gt;</a>&nbsp;&nbsp;&nbsp;app_battery_init
</UL>

<P><STRONG><a name="[41]"></a>app_battery_led_show_for</STRONG> (Thumb, 40 bytes, Stack size 16 bytes, app_battery_1.o(.text.app_battery_led_show_for))
<BR><BR>[Stack]<UL><LI>Max Depth = 148<LI>Call Chain = app_battery_led_show_for &rArr; app_battery_led_update &rArr; app_battery_get_effective_charge_status &rArr; app_battery_is_usb_active &rArr; bsp_charge_get_status &rArr; bsp_charge_is_full &rArr; gpio_input_bit_get
</UL>
<BR>[Calls]<UL><LI><a href="#[47]">&gt;&gt;</a>&nbsp;&nbsp;&nbsp;app_battery_led_update
<LI><a href="#[3f]">&gt;&gt;</a>&nbsp;&nbsp;&nbsp;app_battery_update_value
<LI><a href="#[46]">&gt;&gt;</a>&nbsp;&nbsp;&nbsp;millis
</UL>
<BR>[Called By]<UL><LI><a href="#[4a]">&gt;&gt;</a>&nbsp;&nbsp;&nbsp;app_battery_process
<LI><a href="#[3c]">&gt;&gt;</a>&nbsp;&nbsp;&nbsp;app_battery_init
<LI><a href="#[56]">&gt;&gt;</a>&nbsp;&nbsp;&nbsp;app_brightness_level_down
<LI><a href="#[57]">&gt;&gt;</a>&nbsp;&nbsp;&nbsp;app_brightness_level_up
</UL>

<P><STRONG><a name="[4a]"></a>app_battery_process</STRONG> (Thumb, 452 bytes, Stack size 32 bytes, app_battery_1.o(.text.app_battery_process))
<BR><BR>[Stack]<UL><LI>Max Depth = 180<LI>Call Chain = app_battery_process &rArr; app_battery_led_show_for &rArr; app_battery_led_update &rArr; app_battery_get_effective_charge_status &rArr; app_battery_is_usb_active &rArr; bsp_charge_get_status &rArr; bsp_charge_is_full &rArr; gpio_input_bit_get
</UL>
<BR>[Calls]<UL><LI><a href="#[3a]">&gt;&gt;</a>&nbsp;&nbsp;&nbsp;app_battery_is_usb_active
<LI><a href="#[38]">&gt;&gt;</a>&nbsp;&nbsp;&nbsp;app_battery_get_effective_charge_status
<LI><a href="#[47]">&gt;&gt;</a>&nbsp;&nbsp;&nbsp;app_battery_led_update
<LI><a href="#[3f]">&gt;&gt;</a>&nbsp;&nbsp;&nbsp;app_battery_update_value
<LI><a href="#[40]">&gt;&gt;</a>&nbsp;&nbsp;&nbsp;app_battery_is_switch_on
<LI><a href="#[41]">&gt;&gt;</a>&nbsp;&nbsp;&nbsp;app_battery_led_show_for
<LI><a href="#[4b]">&gt;&gt;</a>&nbsp;&nbsp;&nbsp;bsp_pwm_set_duty
<LI><a href="#[46]">&gt;&gt;</a>&nbsp;&nbsp;&nbsp;millis
</UL>
<BR>[Called By]<UL><LI><a href="#[22]">&gt;&gt;</a>&nbsp;&nbsp;&nbsp;main
</UL>

<P><STRONG><a name="[53]"></a>app_brightness_init</STRONG> (Thumb, 64 bytes, Stack size 16 bytes, app_brightness.o(.text.app_brightness_init))
<BR><BR>[Stack]<UL><LI>Max Depth = 116<LI>Call Chain = app_brightness_init &rArr; app_brightness_apply &rArr; bsp_flash_write_level &rArr; fmc_word_program &rArr; fmc_ready_wait &rArr; fmc_state_get
</UL>
<BR>[Calls]<UL><LI><a href="#[51]">&gt;&gt;</a>&nbsp;&nbsp;&nbsp;app_brightness_apply
<LI><a href="#[55]">&gt;&gt;</a>&nbsp;&nbsp;&nbsp;bsp_flash_read_level
<LI><a href="#[54]">&gt;&gt;</a>&nbsp;&nbsp;&nbsp;bsp_flash_init
</UL>
<BR>[Called By]<UL><LI><a href="#[22]">&gt;&gt;</a>&nbsp;&nbsp;&nbsp;main
</UL>

<P><STRONG><a name="[58]"></a>app_brightness_process</STRONG> (Thumb, 50 bytes, Stack size 16 bytes, app_brightness.o(.text.app_brightness_process))
<BR><BR>[Stack]<UL><LI>Max Depth = 172<LI>Call Chain = app_brightness_process &rArr; app_brightness_level_down &rArr; app_battery_led_show_for &rArr; app_battery_led_update &rArr; app_battery_get_effective_charge_status &rArr; app_battery_is_usb_active &rArr; bsp_charge_get_status &rArr; bsp_charge_is_full &rArr; gpio_input_bit_get
</UL>
<BR>[Calls]<UL><LI><a href="#[56]">&gt;&gt;</a>&nbsp;&nbsp;&nbsp;app_brightness_level_down
<LI><a href="#[57]">&gt;&gt;</a>&nbsp;&nbsp;&nbsp;app_brightness_level_up
<LI><a href="#[59]">&gt;&gt;</a>&nbsp;&nbsp;&nbsp;bsp_key_get_event
</UL>
<BR>[Called By]<UL><LI><a href="#[22]">&gt;&gt;</a>&nbsp;&nbsp;&nbsp;main
</UL>

<P><STRONG><a name="[5e]"></a>bsp_adc_init</STRONG> (Thumb, 116 bytes, Stack size 16 bytes, bsp_adc.o(.text.bsp_adc_init))
<BR><BR>[Stack]<UL><LI>Max Depth = 44<LI>Call Chain = bsp_adc_init &rArr; gpio_mode_set
</UL>
<BR>[Calls]<UL><LI><a href="#[60]">&gt;&gt;</a>&nbsp;&nbsp;&nbsp;adc_resolution_config
<LI><a href="#[64]">&gt;&gt;</a>&nbsp;&nbsp;&nbsp;adc_external_trigger_source_config
<LI><a href="#[65]">&gt;&gt;</a>&nbsp;&nbsp;&nbsp;adc_external_trigger_config
<LI><a href="#[63]">&gt;&gt;</a>&nbsp;&nbsp;&nbsp;adc_channel_length_config
<LI><a href="#[61]">&gt;&gt;</a>&nbsp;&nbsp;&nbsp;adc_data_alignment_config
<LI><a href="#[62]">&gt;&gt;</a>&nbsp;&nbsp;&nbsp;adc_special_function_config
<LI><a href="#[66]">&gt;&gt;</a>&nbsp;&nbsp;&nbsp;adc_enable
<LI><a href="#[33]">&gt;&gt;</a>&nbsp;&nbsp;&nbsp;adc_deinit
<LI><a href="#[4d]">&gt;&gt;</a>&nbsp;&nbsp;&nbsp;gpio_mode_set
<LI><a href="#[5f]">&gt;&gt;</a>&nbsp;&nbsp;&nbsp;rcu_adc_clock_config
<LI><a href="#[4c]">&gt;&gt;</a>&nbsp;&nbsp;&nbsp;rcu_periph_clock_enable
<LI><a href="#[67]">&gt;&gt;</a>&nbsp;&nbsp;&nbsp;delay_ms
</UL>
<BR>[Called By]<UL><LI><a href="#[22]">&gt;&gt;</a>&nbsp;&nbsp;&nbsp;main
</UL>

<P><STRONG><a name="[68]"></a>bsp_adc_read_mv</STRONG> (Thumb, 32 bytes, Stack size 16 bytes, bsp_adc.o(.text.bsp_adc_read_mv))
<BR><BR>[Stack]<UL><LI>Max Depth = 60<LI>Call Chain = bsp_adc_read_mv &rArr; bsp_adc_read_raw &rArr; adc_regular_channel_config
</UL>
<BR>[Calls]<UL><LI><a href="#[69]">&gt;&gt;</a>&nbsp;&nbsp;&nbsp;bsp_adc_read_raw
</UL>
<BR>[Called By]<UL><LI><a href="#[70]">&gt;&gt;</a>&nbsp;&nbsp;&nbsp;bsp_battery_read_mv
</UL>

<P><STRONG><a name="[69]"></a>bsp_adc_read_raw</STRONG> (Thumb, 88 bytes, Stack size 16 bytes, bsp_adc.o(.text.bsp_adc_read_raw))
<BR><BR>[Stack]<UL><LI>Max Depth = 44<LI>Call Chain = bsp_adc_read_raw &rArr; adc_regular_channel_config
</UL>
<BR>[Calls]<UL><LI><a href="#[6b]">&gt;&gt;</a>&nbsp;&nbsp;&nbsp;adc_flag_clear
<LI><a href="#[6d]">&gt;&gt;</a>&nbsp;&nbsp;&nbsp;adc_flag_get
<LI><a href="#[6e]">&gt;&gt;</a>&nbsp;&nbsp;&nbsp;adc_regular_data_read
<LI><a href="#[6c]">&gt;&gt;</a>&nbsp;&nbsp;&nbsp;adc_software_trigger_enable
<LI><a href="#[6a]">&gt;&gt;</a>&nbsp;&nbsp;&nbsp;adc_regular_channel_config
</UL>
<BR>[Called By]<UL><LI><a href="#[68]">&gt;&gt;</a>&nbsp;&nbsp;&nbsp;bsp_adc_read_mv
</UL>

<P><STRONG><a name="[45]"></a>bsp_battery_led_all_off</STRONG> (Thumb, 48 bytes, Stack size 16 bytes, bsp_battery_led.o(.text.bsp_battery_led_all_off))
<BR><BR>[Stack]<UL><LI>Max Depth = 40<LI>Call Chain = bsp_battery_led_all_off &rArr; bat_led_off &rArr; gpio_bit_reset
</UL>
<BR>[Calls]<UL><LI><a href="#[5a]">&gt;&gt;</a>&nbsp;&nbsp;&nbsp;bat_led_off
</UL>
<BR>[Called By]<UL><LI><a href="#[47]">&gt;&gt;</a>&nbsp;&nbsp;&nbsp;app_battery_led_update
<LI><a href="#[42]">&gt;&gt;</a>&nbsp;&nbsp;&nbsp;app_battery_led_hide
<LI><a href="#[48]">&gt;&gt;</a>&nbsp;&nbsp;&nbsp;bsp_battery_led_set_mask
<LI><a href="#[49]">&gt;&gt;</a>&nbsp;&nbsp;&nbsp;bsp_battery_led_set_count
<LI><a href="#[3e]">&gt;&gt;</a>&nbsp;&nbsp;&nbsp;bsp_battery_led_init
</UL>

<P><STRONG><a name="[37]"></a>bsp_battery_led_get_max_count</STRONG> (Thumb, 4 bytes, Stack size 0 bytes, bsp_battery_led.o(.text.bsp_battery_led_get_max_count))
<BR><BR>[Called By]<UL><LI><a href="#[36]">&gt;&gt;</a>&nbsp;&nbsp;&nbsp;app_battery_count_to_mask
<LI><a href="#[3b]">&gt;&gt;</a>&nbsp;&nbsp;&nbsp;app_battery_get_full_mask
<LI><a href="#[50]">&gt;&gt;</a>&nbsp;&nbsp;&nbsp;battery_voltage_to_led_count
<LI><a href="#[47]">&gt;&gt;</a>&nbsp;&nbsp;&nbsp;app_battery_led_update
<LI><a href="#[49]">&gt;&gt;</a>&nbsp;&nbsp;&nbsp;bsp_battery_led_set_count
</UL>

<P><STRONG><a name="[3e]"></a>bsp_battery_led_init</STRONG> (Thumb, 116 bytes, Stack size 40 bytes, bsp_battery_led.o(.text.bsp_battery_led_init))
<BR><BR>[Stack]<UL><LI>Max Depth = 80<LI>Call Chain = bsp_battery_led_init &rArr; bsp_battery_led_all_off &rArr; bat_led_off &rArr; gpio_bit_reset
</UL>
<BR>[Calls]<UL><LI><a href="#[6f]">&gt;&gt;</a>&nbsp;&nbsp;&nbsp;gpio_output_options_set
<LI><a href="#[4d]">&gt;&gt;</a>&nbsp;&nbsp;&nbsp;gpio_mode_set
<LI><a href="#[4c]">&gt;&gt;</a>&nbsp;&nbsp;&nbsp;rcu_periph_clock_enable
<LI><a href="#[45]">&gt;&gt;</a>&nbsp;&nbsp;&nbsp;bsp_battery_led_all_off
</UL>
<BR>[Called By]<UL><LI><a href="#[3c]">&gt;&gt;</a>&nbsp;&nbsp;&nbsp;app_battery_init
</UL>

<P><STRONG><a name="[49]"></a>bsp_battery_led_set_count</STRONG> (Thumb, 136 bytes, Stack size 24 bytes, bsp_battery_led.o(.text.bsp_battery_led_set_count))
<BR><BR>[Stack]<UL><LI>Max Depth = 64<LI>Call Chain = bsp_battery_led_set_count &rArr; bsp_battery_led_all_off &rArr; bat_led_off &rArr; gpio_bit_reset
</UL>
<BR>[Calls]<UL><LI><a href="#[45]">&gt;&gt;</a>&nbsp;&nbsp;&nbsp;bsp_battery_led_all_off
<LI><a href="#[37]">&gt;&gt;</a>&nbsp;&nbsp;&nbsp;bsp_battery_led_get_max_count
<LI><a href="#[5c]">&gt;&gt;</a>&nbsp;&nbsp;&nbsp;bat_led_on
</UL>
<BR>[Called By]<UL><LI><a href="#[47]">&gt;&gt;</a>&nbsp;&nbsp;&nbsp;app_battery_led_update
</UL>

<P><STRONG><a name="[48]"></a>bsp_battery_led_set_mask</STRONG> (Thumb, 112 bytes, Stack size 16 bytes, bsp_battery_led.o(.text.bsp_battery_led_set_mask))
<BR><BR>[Stack]<UL><LI>Max Depth = 56<LI>Call Chain = bsp_battery_led_set_mask &rArr; bsp_battery_led_all_off &rArr; bat_led_off &rArr; gpio_bit_reset
</UL>
<BR>[Calls]<UL><LI><a href="#[45]">&gt;&gt;</a>&nbsp;&nbsp;&nbsp;bsp_battery_led_all_off
<LI><a href="#[5c]">&gt;&gt;</a>&nbsp;&nbsp;&nbsp;bat_led_on
</UL>
<BR>[Called By]<UL><LI><a href="#[47]">&gt;&gt;</a>&nbsp;&nbsp;&nbsp;app_battery_led_update
</UL>

<P><STRONG><a name="[70]"></a>bsp_battery_read_mv</STRONG> (Thumb, 32 bytes, Stack size 16 bytes, bsp_adc.o(.text.bsp_battery_read_mv))
<BR><BR>[Stack]<UL><LI>Max Depth = 76<LI>Call Chain = bsp_battery_read_mv &rArr; bsp_adc_read_mv &rArr; bsp_adc_read_raw &rArr; adc_regular_channel_config
</UL>
<BR>[Calls]<UL><LI><a href="#[68]">&gt;&gt;</a>&nbsp;&nbsp;&nbsp;bsp_adc_read_mv
</UL>
<BR>[Called By]<UL><LI><a href="#[4e]">&gt;&gt;</a>&nbsp;&nbsp;&nbsp;bsp_battery_read_mv_average
</UL>

<P><STRONG><a name="[4e]"></a>bsp_battery_read_mv_average</STRONG> (Thumb, 96 bytes, Stack size 24 bytes, bsp_adc.o(.text.bsp_battery_read_mv_average))
<BR><BR>[Stack]<UL><LI>Max Depth = 100<LI>Call Chain = bsp_battery_read_mv_average &rArr; bsp_battery_read_mv &rArr; bsp_adc_read_mv &rArr; bsp_adc_read_raw &rArr; adc_regular_channel_config
</UL>
<BR>[Calls]<UL><LI><a href="#[70]">&gt;&gt;</a>&nbsp;&nbsp;&nbsp;bsp_battery_read_mv
<LI><a href="#[67]">&gt;&gt;</a>&nbsp;&nbsp;&nbsp;delay_ms
</UL>
<BR>[Called By]<UL><LI><a href="#[3f]">&gt;&gt;</a>&nbsp;&nbsp;&nbsp;app_battery_update_value
</UL>

<P><STRONG><a name="[39]"></a>bsp_charge_get_status</STRONG> (Thumb, 116 bytes, Stack size 24 bytes, bsp_charge.o(.text.bsp_charge_get_status))
<BR><BR>[Stack]<UL><LI>Max Depth = 44<LI>Call Chain = bsp_charge_get_status &rArr; bsp_charge_is_full &rArr; gpio_input_bit_get
</UL>
<BR>[Calls]<UL><LI><a href="#[72]">&gt;&gt;</a>&nbsp;&nbsp;&nbsp;bsp_charge_is_full
<LI><a href="#[71]">&gt;&gt;</a>&nbsp;&nbsp;&nbsp;bsp_charge_is_charging
</UL>
<BR>[Called By]<UL><LI><a href="#[3a]">&gt;&gt;</a>&nbsp;&nbsp;&nbsp;app_battery_is_usb_active
<LI><a href="#[38]">&gt;&gt;</a>&nbsp;&nbsp;&nbsp;app_battery_get_effective_charge_status
</UL>

<P><STRONG><a name="[73]"></a>bsp_charge_init</STRONG> (Thumb, 48 bytes, Stack size 16 bytes, bsp_charge.o(.text.bsp_charge_init))
<BR><BR>[Stack]<UL><LI>Max Depth = 44<LI>Call Chain = bsp_charge_init &rArr; gpio_mode_set
</UL>
<BR>[Calls]<UL><LI><a href="#[4d]">&gt;&gt;</a>&nbsp;&nbsp;&nbsp;gpio_mode_set
<LI><a href="#[4c]">&gt;&gt;</a>&nbsp;&nbsp;&nbsp;rcu_periph_clock_enable
</UL>
<BR>[Called By]<UL><LI><a href="#[22]">&gt;&gt;</a>&nbsp;&nbsp;&nbsp;main
</UL>

<P><STRONG><a name="[71]"></a>bsp_charge_is_charging</STRONG> (Thumb, 18 bytes, Stack size 8 bytes, bsp_charge.o(.text.bsp_charge_is_charging))
<BR><BR>[Stack]<UL><LI>Max Depth = 20<LI>Call Chain = bsp_charge_is_charging &rArr; gpio_input_bit_get
</UL>
<BR>[Calls]<UL><LI><a href="#[43]">&gt;&gt;</a>&nbsp;&nbsp;&nbsp;gpio_input_bit_get
</UL>
<BR>[Called By]<UL><LI><a href="#[39]">&gt;&gt;</a>&nbsp;&nbsp;&nbsp;bsp_charge_get_status
</UL>

<P><STRONG><a name="[72]"></a>bsp_charge_is_full</STRONG> (Thumb, 18 bytes, Stack size 8 bytes, bsp_charge.o(.text.bsp_charge_is_full))
<BR><BR>[Stack]<UL><LI>Max Depth = 20<LI>Call Chain = bsp_charge_is_full &rArr; gpio_input_bit_get
</UL>
<BR>[Calls]<UL><LI><a href="#[43]">&gt;&gt;</a>&nbsp;&nbsp;&nbsp;gpio_input_bit_get
</UL>
<BR>[Called By]<UL><LI><a href="#[39]">&gt;&gt;</a>&nbsp;&nbsp;&nbsp;bsp_charge_get_status
</UL>

<P><STRONG><a name="[44]"></a>bsp_charge_is_usb_connected</STRONG> (Thumb, 22 bytes, Stack size 8 bytes, bsp_charge.o(.text.bsp_charge_is_usb_connected))
<BR><BR>[Stack]<UL><LI>Max Depth = 20<LI>Call Chain = bsp_charge_is_usb_connected &rArr; gpio_input_bit_get
</UL>
<BR>[Calls]<UL><LI><a href="#[43]">&gt;&gt;</a>&nbsp;&nbsp;&nbsp;gpio_input_bit_get
</UL>
<BR>[Called By]<UL><LI><a href="#[3a]">&gt;&gt;</a>&nbsp;&nbsp;&nbsp;app_battery_is_usb_active
</UL>

<P><STRONG><a name="[54]"></a>bsp_flash_init</STRONG> (Thumb, 2 bytes, Stack size 0 bytes, bsp_flash.o(.text.bsp_flash_init))
<BR><BR>[Called By]<UL><LI><a href="#[53]">&gt;&gt;</a>&nbsp;&nbsp;&nbsp;app_brightness_init
</UL>

<P><STRONG><a name="[55]"></a>bsp_flash_read_level</STRONG> (Thumb, 64 bytes, Stack size 8 bytes, bsp_flash.o(.text.bsp_flash_read_level))
<BR><BR>[Stack]<UL><LI>Max Depth = 8<LI>Call Chain = bsp_flash_read_level
</UL>
<BR>[Called By]<UL><LI><a href="#[53]">&gt;&gt;</a>&nbsp;&nbsp;&nbsp;app_brightness_init
</UL>

<P><STRONG><a name="[52]"></a>bsp_flash_write_level</STRONG> (Thumb, 92 bytes, Stack size 24 bytes, bsp_flash.o(.text.bsp_flash_write_level))
<BR><BR>[Stack]<UL><LI>Max Depth = 84<LI>Call Chain = bsp_flash_write_level &rArr; fmc_word_program &rArr; fmc_ready_wait &rArr; fmc_state_get
</UL>
<BR>[Calls]<UL><LI><a href="#[76]">&gt;&gt;</a>&nbsp;&nbsp;&nbsp;fmc_word_program
<LI><a href="#[75]">&gt;&gt;</a>&nbsp;&nbsp;&nbsp;fmc_page_erase
<LI><a href="#[77]">&gt;&gt;</a>&nbsp;&nbsp;&nbsp;fmc_lock
<LI><a href="#[74]">&gt;&gt;</a>&nbsp;&nbsp;&nbsp;fmc_unlock
</UL>
<BR>[Called By]<UL><LI><a href="#[51]">&gt;&gt;</a>&nbsp;&nbsp;&nbsp;app_brightness_apply
</UL>

<P><STRONG><a name="[78]"></a>bsp_key_add_read</STRONG> (Thumb, 14 bytes, Stack size 8 bytes, bsp_key.o(.text.bsp_key_add_read))
<BR><BR>[Stack]<UL><LI>Max Depth = 20<LI>Call Chain = bsp_key_add_read &rArr; gpio_input_bit_get
</UL>
<BR>[Calls]<UL><LI><a href="#[43]">&gt;&gt;</a>&nbsp;&nbsp;&nbsp;gpio_input_bit_get
</UL>
<BR>[Called By]<UL><LI><a href="#[28]">&gt;&gt;</a>&nbsp;&nbsp;&nbsp;bsp_key_exti_irq_handler
<LI><a href="#[81]">&gt;&gt;</a>&nbsp;&nbsp;&nbsp;bsp_key_rearm_service
</UL>

<P><STRONG><a name="[79]"></a>bsp_key_exti_init</STRONG> (Thumb, 124 bytes, Stack size 32 bytes, bsp_key.o(.text.bsp_key_exti_init))
<BR><BR>[Stack]<UL><LI>Max Depth = 80<LI>Call Chain = bsp_key_exti_init &rArr; nvic_irq_enable &rArr; __NVIC_SetPriority
</UL>
<BR>[Calls]<UL><LI><a href="#[7d]">&gt;&gt;</a>&nbsp;&nbsp;&nbsp;exti_interrupt_flag_clear
<LI><a href="#[7c]">&gt;&gt;</a>&nbsp;&nbsp;&nbsp;exti_init
<LI><a href="#[7b]">&gt;&gt;</a>&nbsp;&nbsp;&nbsp;syscfg_exti_line_config
<LI><a href="#[7e]">&gt;&gt;</a>&nbsp;&nbsp;&nbsp;nvic_irq_enable
<LI><a href="#[4c]">&gt;&gt;</a>&nbsp;&nbsp;&nbsp;rcu_periph_clock_enable
<LI><a href="#[7a]">&gt;&gt;</a>&nbsp;&nbsp;&nbsp;bsp_key_init
</UL>
<BR>[Called By]<UL><LI><a href="#[22]">&gt;&gt;</a>&nbsp;&nbsp;&nbsp;main
</UL>

<P><STRONG><a name="[28]"></a>bsp_key_exti_irq_handler</STRONG> (Thumb, 172 bytes, Stack size 16 bytes, bsp_key.o(.text.bsp_key_exti_irq_handler))
<BR><BR>[Stack]<UL><LI>Max Depth = 36<LI>Call Chain = bsp_key_exti_irq_handler &rArr; bsp_key_sub_read &rArr; gpio_input_bit_get
</UL>
<BR>[Calls]<UL><LI><a href="#[7d]">&gt;&gt;</a>&nbsp;&nbsp;&nbsp;exti_interrupt_flag_clear
<LI><a href="#[7f]">&gt;&gt;</a>&nbsp;&nbsp;&nbsp;exti_interrupt_flag_get
<LI><a href="#[80]">&gt;&gt;</a>&nbsp;&nbsp;&nbsp;bsp_key_sub_read
<LI><a href="#[78]">&gt;&gt;</a>&nbsp;&nbsp;&nbsp;bsp_key_add_read
<LI><a href="#[46]">&gt;&gt;</a>&nbsp;&nbsp;&nbsp;millis
</UL>
<BR>[Called By]<UL><LI><a href="#[c]">&gt;&gt;</a>&nbsp;&nbsp;&nbsp;EXTI2_3_IRQHandler
</UL>

<P><STRONG><a name="[59]"></a>bsp_key_get_event</STRONG> (Thumb, 28 bytes, Stack size 16 bytes, bsp_key.o(.text.bsp_key_get_event))
<BR><BR>[Stack]<UL><LI>Max Depth = 52<LI>Call Chain = bsp_key_get_event &rArr; bsp_key_rearm_service &rArr; bsp_key_sub_read &rArr; gpio_input_bit_get
</UL>
<BR>[Calls]<UL><LI><a href="#[81]">&gt;&gt;</a>&nbsp;&nbsp;&nbsp;bsp_key_rearm_service
</UL>
<BR>[Called By]<UL><LI><a href="#[58]">&gt;&gt;</a>&nbsp;&nbsp;&nbsp;app_brightness_process
</UL>

<P><STRONG><a name="[7a]"></a>bsp_key_init</STRONG> (Thumb, 24 bytes, Stack size 8 bytes, bsp_key.o(.text.bsp_key_init))
<BR><BR>[Stack]<UL><LI>Max Depth = 36<LI>Call Chain = bsp_key_init &rArr; gpio_mode_set
</UL>
<BR>[Calls]<UL><LI><a href="#[4d]">&gt;&gt;</a>&nbsp;&nbsp;&nbsp;gpio_mode_set
<LI><a href="#[4c]">&gt;&gt;</a>&nbsp;&nbsp;&nbsp;rcu_periph_clock_enable
</UL>
<BR>[Called By]<UL><LI><a href="#[79]">&gt;&gt;</a>&nbsp;&nbsp;&nbsp;bsp_key_exti_init
</UL>

<P><STRONG><a name="[80]"></a>bsp_key_sub_read</STRONG> (Thumb, 14 bytes, Stack size 8 bytes, bsp_key.o(.text.bsp_key_sub_read))
<BR><BR>[Stack]<UL><LI>Max Depth = 20<LI>Call Chain = bsp_key_sub_read &rArr; gpio_input_bit_get
</UL>
<BR>[Calls]<UL><LI><a href="#[43]">&gt;&gt;</a>&nbsp;&nbsp;&nbsp;gpio_input_bit_get
</UL>
<BR>[Called By]<UL><LI><a href="#[28]">&gt;&gt;</a>&nbsp;&nbsp;&nbsp;bsp_key_exti_irq_handler
<LI><a href="#[81]">&gt;&gt;</a>&nbsp;&nbsp;&nbsp;bsp_key_rearm_service
</UL>

<P><STRONG><a name="[82]"></a>bsp_led_init</STRONG> (Thumb, 56 bytes, Stack size 24 bytes, bsp_led.o(.text.bsp_led_init))
<BR><BR>[Stack]<UL><LI>Max Depth = 56<LI>Call Chain = bsp_led_init &rArr; gpio_output_options_set
</UL>
<BR>[Calls]<UL><LI><a href="#[5b]">&gt;&gt;</a>&nbsp;&nbsp;&nbsp;gpio_bit_reset
<LI><a href="#[6f]">&gt;&gt;</a>&nbsp;&nbsp;&nbsp;gpio_output_options_set
<LI><a href="#[4d]">&gt;&gt;</a>&nbsp;&nbsp;&nbsp;gpio_mode_set
<LI><a href="#[4c]">&gt;&gt;</a>&nbsp;&nbsp;&nbsp;rcu_periph_clock_enable
</UL>
<BR>[Called By]<UL><LI><a href="#[22]">&gt;&gt;</a>&nbsp;&nbsp;&nbsp;main
</UL>

<P><STRONG><a name="[83]"></a>bsp_pwm_init</STRONG> (Thumb, 184 bytes, Stack size 64 bytes, bsp_pwm.o(.text.bsp_pwm_init))
<BR><BR>[Stack]<UL><LI>Max Depth = 116<LI>Call Chain = bsp_pwm_init &rArr; timer_deinit &rArr; rcu_periph_reset_disable
</UL>
<BR>[Calls]<UL><LI><a href="#[8b]">&gt;&gt;</a>&nbsp;&nbsp;&nbsp;timer_channel_output_shadow_config
<LI><a href="#[8a]">&gt;&gt;</a>&nbsp;&nbsp;&nbsp;timer_channel_output_mode_config
<LI><a href="#[89]">&gt;&gt;</a>&nbsp;&nbsp;&nbsp;timer_channel_output_config
<LI><a href="#[88]">&gt;&gt;</a>&nbsp;&nbsp;&nbsp;timer_channel_output_struct_para_init
<LI><a href="#[8c]">&gt;&gt;</a>&nbsp;&nbsp;&nbsp;timer_auto_reload_shadow_enable
<LI><a href="#[8d]">&gt;&gt;</a>&nbsp;&nbsp;&nbsp;timer_enable
<LI><a href="#[87]">&gt;&gt;</a>&nbsp;&nbsp;&nbsp;timer_init
<LI><a href="#[86]">&gt;&gt;</a>&nbsp;&nbsp;&nbsp;timer_struct_para_init
<LI><a href="#[85]">&gt;&gt;</a>&nbsp;&nbsp;&nbsp;timer_deinit
<LI><a href="#[84]">&gt;&gt;</a>&nbsp;&nbsp;&nbsp;gpio_af_set
<LI><a href="#[6f]">&gt;&gt;</a>&nbsp;&nbsp;&nbsp;gpio_output_options_set
<LI><a href="#[4d]">&gt;&gt;</a>&nbsp;&nbsp;&nbsp;gpio_mode_set
<LI><a href="#[4c]">&gt;&gt;</a>&nbsp;&nbsp;&nbsp;rcu_periph_clock_enable
<LI><a href="#[4b]">&gt;&gt;</a>&nbsp;&nbsp;&nbsp;bsp_pwm_set_duty
</UL>
<BR>[Called By]<UL><LI><a href="#[22]">&gt;&gt;</a>&nbsp;&nbsp;&nbsp;main
</UL>

<P><STRONG><a name="[4b]"></a>bsp_pwm_set_duty</STRONG> (Thumb, 64 bytes, Stack size 16 bytes, bsp_pwm.o(.text.bsp_pwm_set_duty))
<BR><BR>[Stack]<UL><LI>Max Depth = 32<LI>Call Chain = bsp_pwm_set_duty &rArr; timer_channel_output_pulse_value_config
</UL>
<BR>[Calls]<UL><LI><a href="#[8e]">&gt;&gt;</a>&nbsp;&nbsp;&nbsp;timer_channel_output_pulse_value_config
</UL>
<BR>[Called By]<UL><LI><a href="#[4a]">&gt;&gt;</a>&nbsp;&nbsp;&nbsp;app_battery_process
<LI><a href="#[83]">&gt;&gt;</a>&nbsp;&nbsp;&nbsp;bsp_pwm_init
<LI><a href="#[51]">&gt;&gt;</a>&nbsp;&nbsp;&nbsp;app_brightness_apply
</UL>

<P><STRONG><a name="[2c]"></a>delay_decrement</STRONG> (Thumb, 28 bytes, Stack size 0 bytes, delay.o(.text.delay_decrement))
<BR><BR>[Called By]<UL><LI><a href="#[5]">&gt;&gt;</a>&nbsp;&nbsp;&nbsp;SysTick_Handler
</UL>

<P><STRONG><a name="[8f]"></a>delay_init</STRONG> (Thumb, 20 bytes, Stack size 8 bytes, delay.o(.text.delay_init))
<BR><BR>[Stack]<UL><LI>Max Depth = 56<LI>Call Chain = delay_init &rArr; SysTick_Config &rArr; __NVIC_SetPriority
</UL>
<BR>[Calls]<UL><LI><a href="#[2a]">&gt;&gt;</a>&nbsp;&nbsp;&nbsp;SysTick_Config
</UL>
<BR>[Called By]<UL><LI><a href="#[22]">&gt;&gt;</a>&nbsp;&nbsp;&nbsp;main
</UL>

<P><STRONG><a name="[67]"></a>delay_ms</STRONG> (Thumb, 28 bytes, Stack size 4 bytes, delay.o(.text.delay_ms))
<BR><BR>[Stack]<UL><LI>Max Depth = 4<LI>Call Chain = delay_ms
</UL>
<BR>[Called By]<UL><LI><a href="#[5e]">&gt;&gt;</a>&nbsp;&nbsp;&nbsp;bsp_adc_init
<LI><a href="#[4e]">&gt;&gt;</a>&nbsp;&nbsp;&nbsp;bsp_battery_read_mv_average
</UL>

<P><STRONG><a name="[7c]"></a>exti_init</STRONG> (Thumb, 208 bytes, Stack size 20 bytes, gd32e23x_exti.o(.text.exti_init))
<BR><BR>[Stack]<UL><LI>Max Depth = 20<LI>Call Chain = exti_init
</UL>
<BR>[Called By]<UL><LI><a href="#[79]">&gt;&gt;</a>&nbsp;&nbsp;&nbsp;bsp_key_exti_init
</UL>

<P><STRONG><a name="[7d]"></a>exti_interrupt_flag_clear</STRONG> (Thumb, 16 bytes, Stack size 4 bytes, gd32e23x_exti.o(.text.exti_interrupt_flag_clear))
<BR><BR>[Stack]<UL><LI>Max Depth = 4<LI>Call Chain = exti_interrupt_flag_clear
</UL>
<BR>[Called By]<UL><LI><a href="#[79]">&gt;&gt;</a>&nbsp;&nbsp;&nbsp;bsp_key_exti_init
<LI><a href="#[28]">&gt;&gt;</a>&nbsp;&nbsp;&nbsp;bsp_key_exti_irq_handler
</UL>

<P><STRONG><a name="[7f]"></a>exti_interrupt_flag_get</STRONG> (Thumb, 40 bytes, Stack size 8 bytes, gd32e23x_exti.o(.text.exti_interrupt_flag_get))
<BR><BR>[Stack]<UL><LI>Max Depth = 8<LI>Call Chain = exti_interrupt_flag_get
</UL>
<BR>[Called By]<UL><LI><a href="#[28]">&gt;&gt;</a>&nbsp;&nbsp;&nbsp;bsp_key_exti_irq_handler
</UL>

<P><STRONG><a name="[77]"></a>fmc_lock</STRONG> (Thumb, 12 bytes, Stack size 0 bytes, gd32e23x_fmc.o(.text.fmc_lock))
<BR><BR>[Called By]<UL><LI><a href="#[52]">&gt;&gt;</a>&nbsp;&nbsp;&nbsp;bsp_flash_write_level
</UL>

<P><STRONG><a name="[75]"></a>fmc_page_erase</STRONG> (Thumb, 88 bytes, Stack size 24 bytes, gd32e23x_fmc.o(.text.fmc_page_erase))
<BR><BR>[Stack]<UL><LI>Max Depth = 52<LI>Call Chain = fmc_page_erase &rArr; fmc_ready_wait &rArr; fmc_state_get
</UL>
<BR>[Calls]<UL><LI><a href="#[90]">&gt;&gt;</a>&nbsp;&nbsp;&nbsp;fmc_ready_wait
</UL>
<BR>[Called By]<UL><LI><a href="#[52]">&gt;&gt;</a>&nbsp;&nbsp;&nbsp;bsp_flash_write_level
</UL>

<P><STRONG><a name="[90]"></a>fmc_ready_wait</STRONG> (Thumb, 90 bytes, Stack size 24 bytes, gd32e23x_fmc.o(.text.fmc_ready_wait))
<BR><BR>[Stack]<UL><LI>Max Depth = 28<LI>Call Chain = fmc_ready_wait &rArr; fmc_state_get
</UL>
<BR>[Calls]<UL><LI><a href="#[91]">&gt;&gt;</a>&nbsp;&nbsp;&nbsp;fmc_state_get
</UL>
<BR>[Called By]<UL><LI><a href="#[76]">&gt;&gt;</a>&nbsp;&nbsp;&nbsp;fmc_word_program
<LI><a href="#[75]">&gt;&gt;</a>&nbsp;&nbsp;&nbsp;fmc_page_erase
</UL>

<P><STRONG><a name="[91]"></a>fmc_state_get</STRONG> (Thumb, 80 bytes, Stack size 4 bytes, gd32e23x_fmc.o(.text.fmc_state_get))
<BR><BR>[Stack]<UL><LI>Max Depth = 4<LI>Call Chain = fmc_state_get
</UL>
<BR>[Called By]<UL><LI><a href="#[90]">&gt;&gt;</a>&nbsp;&nbsp;&nbsp;fmc_ready_wait
</UL>

<P><STRONG><a name="[74]"></a>fmc_unlock</STRONG> (Thumb, 28 bytes, Stack size 0 bytes, gd32e23x_fmc.o(.text.fmc_unlock))
<BR><BR>[Called By]<UL><LI><a href="#[52]">&gt;&gt;</a>&nbsp;&nbsp;&nbsp;bsp_flash_write_level
</UL>

<P><STRONG><a name="[76]"></a>fmc_word_program</STRONG> (Thumb, 80 bytes, Stack size 32 bytes, gd32e23x_fmc.o(.text.fmc_word_program))
<BR><BR>[Stack]<UL><LI>Max Depth = 60<LI>Call Chain = fmc_word_program &rArr; fmc_ready_wait &rArr; fmc_state_get
</UL>
<BR>[Calls]<UL><LI><a href="#[90]">&gt;&gt;</a>&nbsp;&nbsp;&nbsp;fmc_ready_wait
</UL>
<BR>[Called By]<UL><LI><a href="#[52]">&gt;&gt;</a>&nbsp;&nbsp;&nbsp;bsp_flash_write_level
</UL>

<P><STRONG><a name="[84]"></a>gpio_af_set</STRONG> (Thumb, 192 bytes, Stack size 24 bytes, gd32e23x_gpio.o(.text.gpio_af_set))
<BR><BR>[Stack]<UL><LI>Max Depth = 24<LI>Call Chain = gpio_af_set
</UL>
<BR>[Called By]<UL><LI><a href="#[83]">&gt;&gt;</a>&nbsp;&nbsp;&nbsp;bsp_pwm_init
</UL>

<P><STRONG><a name="[5b]"></a>gpio_bit_reset</STRONG> (Thumb, 16 bytes, Stack size 8 bytes, gd32e23x_gpio.o(.text.gpio_bit_reset))
<BR><BR>[Stack]<UL><LI>Max Depth = 8<LI>Call Chain = gpio_bit_reset
</UL>
<BR>[Called By]<UL><LI><a href="#[82]">&gt;&gt;</a>&nbsp;&nbsp;&nbsp;bsp_led_init
<LI><a href="#[5a]">&gt;&gt;</a>&nbsp;&nbsp;&nbsp;bat_led_off
</UL>

<P><STRONG><a name="[5d]"></a>gpio_bit_set</STRONG> (Thumb, 16 bytes, Stack size 8 bytes, gd32e23x_gpio.o(.text.gpio_bit_set))
<BR><BR>[Stack]<UL><LI>Max Depth = 8<LI>Call Chain = gpio_bit_set
</UL>
<BR>[Called By]<UL><LI><a href="#[5c]">&gt;&gt;</a>&nbsp;&nbsp;&nbsp;bat_led_on
</UL>

<P><STRONG><a name="[43]"></a>gpio_input_bit_get</STRONG> (Thumb, 48 bytes, Stack size 12 bytes, gd32e23x_gpio.o(.text.gpio_input_bit_get))
<BR><BR>[Stack]<UL><LI>Max Depth = 12<LI>Call Chain = gpio_input_bit_get
</UL>
<BR>[Called By]<UL><LI><a href="#[40]">&gt;&gt;</a>&nbsp;&nbsp;&nbsp;app_battery_is_switch_on
<LI><a href="#[44]">&gt;&gt;</a>&nbsp;&nbsp;&nbsp;bsp_charge_is_usb_connected
<LI><a href="#[72]">&gt;&gt;</a>&nbsp;&nbsp;&nbsp;bsp_charge_is_full
<LI><a href="#[71]">&gt;&gt;</a>&nbsp;&nbsp;&nbsp;bsp_charge_is_charging
<LI><a href="#[80]">&gt;&gt;</a>&nbsp;&nbsp;&nbsp;bsp_key_sub_read
<LI><a href="#[78]">&gt;&gt;</a>&nbsp;&nbsp;&nbsp;bsp_key_add_read
</UL>

<P><STRONG><a name="[4d]"></a>gpio_mode_set</STRONG> (Thumb, 142 bytes, Stack size 28 bytes, gd32e23x_gpio.o(.text.gpio_mode_set))
<BR><BR>[Stack]<UL><LI>Max Depth = 28<LI>Call Chain = gpio_mode_set
</UL>
<BR>[Called By]<UL><LI><a href="#[5e]">&gt;&gt;</a>&nbsp;&nbsp;&nbsp;bsp_adc_init
<LI><a href="#[83]">&gt;&gt;</a>&nbsp;&nbsp;&nbsp;bsp_pwm_init
<LI><a href="#[73]">&gt;&gt;</a>&nbsp;&nbsp;&nbsp;bsp_charge_init
<LI><a href="#[82]">&gt;&gt;</a>&nbsp;&nbsp;&nbsp;bsp_led_init
<LI><a href="#[3d]">&gt;&gt;</a>&nbsp;&nbsp;&nbsp;app_battery_switch_det_init
<LI><a href="#[3e]">&gt;&gt;</a>&nbsp;&nbsp;&nbsp;bsp_battery_led_init
<LI><a href="#[7a]">&gt;&gt;</a>&nbsp;&nbsp;&nbsp;bsp_key_init
</UL>

<P><STRONG><a name="[6f]"></a>gpio_output_options_set</STRONG> (Thumb, 138 bytes, Stack size 32 bytes, gd32e23x_gpio.o(.text.gpio_output_options_set))
<BR><BR>[Stack]<UL><LI>Max Depth = 32<LI>Call Chain = gpio_output_options_set
</UL>
<BR>[Called By]<UL><LI><a href="#[83]">&gt;&gt;</a>&nbsp;&nbsp;&nbsp;bsp_pwm_init
<LI><a href="#[82]">&gt;&gt;</a>&nbsp;&nbsp;&nbsp;bsp_led_init
<LI><a href="#[3e]">&gt;&gt;</a>&nbsp;&nbsp;&nbsp;bsp_battery_led_init
</UL>

<P><STRONG><a name="[22]"></a>main</STRONG> (Thumb, 52 bytes, Stack size 16 bytes, main.o(.text.main))
<BR><BR>[Stack]<UL><LI>Max Depth = 196<LI>Call Chain = main &rArr; app_battery_process &rArr; app_battery_led_show_for &rArr; app_battery_led_update &rArr; app_battery_get_effective_charge_status &rArr; app_battery_is_usb_active &rArr; bsp_charge_get_status &rArr; bsp_charge_is_full &rArr; gpio_input_bit_get
</UL>
<BR>[Calls]<UL><LI><a href="#[4a]">&gt;&gt;</a>&nbsp;&nbsp;&nbsp;app_battery_process
<LI><a href="#[58]">&gt;&gt;</a>&nbsp;&nbsp;&nbsp;app_brightness_process
<LI><a href="#[3c]">&gt;&gt;</a>&nbsp;&nbsp;&nbsp;app_battery_init
<LI><a href="#[53]">&gt;&gt;</a>&nbsp;&nbsp;&nbsp;app_brightness_init
<LI><a href="#[5e]">&gt;&gt;</a>&nbsp;&nbsp;&nbsp;bsp_adc_init
<LI><a href="#[83]">&gt;&gt;</a>&nbsp;&nbsp;&nbsp;bsp_pwm_init
<LI><a href="#[79]">&gt;&gt;</a>&nbsp;&nbsp;&nbsp;bsp_key_exti_init
<LI><a href="#[73]">&gt;&gt;</a>&nbsp;&nbsp;&nbsp;bsp_charge_init
<LI><a href="#[82]">&gt;&gt;</a>&nbsp;&nbsp;&nbsp;bsp_led_init
<LI><a href="#[8f]">&gt;&gt;</a>&nbsp;&nbsp;&nbsp;delay_init
</UL>
<BR>[Address Reference Count : 1]<UL><LI> entry9a.o(.ARM.Collect$$$$0000000B)
</UL>
<P><STRONG><a name="[46]"></a>millis</STRONG> (Thumb, 8 bytes, Stack size 0 bytes, delay.o(.text.millis))
<BR><BR>[Called By]<UL><LI><a href="#[4a]">&gt;&gt;</a>&nbsp;&nbsp;&nbsp;app_battery_process
<LI><a href="#[28]">&gt;&gt;</a>&nbsp;&nbsp;&nbsp;bsp_key_exti_irq_handler
<LI><a href="#[41]">&gt;&gt;</a>&nbsp;&nbsp;&nbsp;app_battery_led_show_for
<LI><a href="#[81]">&gt;&gt;</a>&nbsp;&nbsp;&nbsp;bsp_key_rearm_service
</UL>

<P><STRONG><a name="[7e]"></a>nvic_irq_enable</STRONG> (Thumb, 44 bytes, Stack size 24 bytes, gd32e23x_misc.o(.text.nvic_irq_enable))
<BR><BR>[Stack]<UL><LI>Max Depth = 48<LI>Call Chain = nvic_irq_enable &rArr; __NVIC_SetPriority
</UL>
<BR>[Calls]<UL><LI><a href="#[93]">&gt;&gt;</a>&nbsp;&nbsp;&nbsp;__NVIC_EnableIRQ
<LI><a href="#[92]">&gt;&gt;</a>&nbsp;&nbsp;&nbsp;__NVIC_SetPriority
</UL>
<BR>[Called By]<UL><LI><a href="#[79]">&gt;&gt;</a>&nbsp;&nbsp;&nbsp;bsp_key_exti_init
</UL>

<P><STRONG><a name="[2f]"></a>nvic_vector_table_set</STRONG> (Thumb, 28 bytes, Stack size 8 bytes, gd32e23x_misc.o(.text.nvic_vector_table_set))
<BR><BR>[Stack]<UL><LI>Max Depth = 8<LI>Call Chain = nvic_vector_table_set
</UL>
<BR>[Called By]<UL><LI><a href="#[23]">&gt;&gt;</a>&nbsp;&nbsp;&nbsp;SystemInit
</UL>

<P><STRONG><a name="[5f]"></a>rcu_adc_clock_config</STRONG> (Thumb, 384 bytes, Stack size 8 bytes, gd32e23x_rcu.o(.text.rcu_adc_clock_config))
<BR><BR>[Stack]<UL><LI>Max Depth = 8<LI>Call Chain = rcu_adc_clock_config
</UL>
<BR>[Called By]<UL><LI><a href="#[5e]">&gt;&gt;</a>&nbsp;&nbsp;&nbsp;bsp_adc_init
</UL>

<P><STRONG><a name="[4c]"></a>rcu_periph_clock_enable</STRONG> (Thumb, 36 bytes, Stack size 4 bytes, gd32e23x_rcu.o(.text.rcu_periph_clock_enable))
<BR><BR>[Stack]<UL><LI>Max Depth = 4<LI>Call Chain = rcu_periph_clock_enable
</UL>
<BR>[Called By]<UL><LI><a href="#[5e]">&gt;&gt;</a>&nbsp;&nbsp;&nbsp;bsp_adc_init
<LI><a href="#[83]">&gt;&gt;</a>&nbsp;&nbsp;&nbsp;bsp_pwm_init
<LI><a href="#[79]">&gt;&gt;</a>&nbsp;&nbsp;&nbsp;bsp_key_exti_init
<LI><a href="#[73]">&gt;&gt;</a>&nbsp;&nbsp;&nbsp;bsp_charge_init
<LI><a href="#[82]">&gt;&gt;</a>&nbsp;&nbsp;&nbsp;bsp_led_init
<LI><a href="#[3d]">&gt;&gt;</a>&nbsp;&nbsp;&nbsp;app_battery_switch_det_init
<LI><a href="#[3e]">&gt;&gt;</a>&nbsp;&nbsp;&nbsp;bsp_battery_led_init
<LI><a href="#[7a]">&gt;&gt;</a>&nbsp;&nbsp;&nbsp;bsp_key_init
</UL>

<P><STRONG><a name="[35]"></a>rcu_periph_reset_disable</STRONG> (Thumb, 36 bytes, Stack size 4 bytes, gd32e23x_rcu.o(.text.rcu_periph_reset_disable))
<BR><BR>[Stack]<UL><LI>Max Depth = 4<LI>Call Chain = rcu_periph_reset_disable
</UL>
<BR>[Called By]<UL><LI><a href="#[33]">&gt;&gt;</a>&nbsp;&nbsp;&nbsp;adc_deinit
<LI><a href="#[85]">&gt;&gt;</a>&nbsp;&nbsp;&nbsp;timer_deinit
</UL>

<P><STRONG><a name="[34]"></a>rcu_periph_reset_enable</STRONG> (Thumb, 36 bytes, Stack size 4 bytes, gd32e23x_rcu.o(.text.rcu_periph_reset_enable))
<BR><BR>[Stack]<UL><LI>Max Depth = 4<LI>Call Chain = rcu_periph_reset_enable
</UL>
<BR>[Called By]<UL><LI><a href="#[33]">&gt;&gt;</a>&nbsp;&nbsp;&nbsp;adc_deinit
<LI><a href="#[85]">&gt;&gt;</a>&nbsp;&nbsp;&nbsp;timer_deinit
</UL>

<P><STRONG><a name="[7b]"></a>syscfg_exti_line_config</STRONG> (Thumb, 164 bytes, Stack size 20 bytes, gd32e23x_syscfg.o(.text.syscfg_exti_line_config))
<BR><BR>[Stack]<UL><LI>Max Depth = 20<LI>Call Chain = syscfg_exti_line_config
</UL>
<BR>[Called By]<UL><LI><a href="#[79]">&gt;&gt;</a>&nbsp;&nbsp;&nbsp;bsp_key_exti_init
</UL>

<P><STRONG><a name="[29]"></a>syscfg_flag_get</STRONG> (Thumb, 40 bytes, Stack size 8 bytes, gd32e23x_syscfg.o(.text.syscfg_flag_get))
<BR><BR>[Stack]<UL><LI>Max Depth = 8<LI>Call Chain = syscfg_flag_get
</UL>
<BR>[Called By]<UL><LI><a href="#[1]">&gt;&gt;</a>&nbsp;&nbsp;&nbsp;NMI_Handler
</UL>

<P><STRONG><a name="[8c]"></a>timer_auto_reload_shadow_enable</STRONG> (Thumb, 18 bytes, Stack size 4 bytes, gd32e23x_timer.o(.text.timer_auto_reload_shadow_enable))
<BR><BR>[Stack]<UL><LI>Max Depth = 4<LI>Call Chain = timer_auto_reload_shadow_enable
</UL>
<BR>[Called By]<UL><LI><a href="#[83]">&gt;&gt;</a>&nbsp;&nbsp;&nbsp;bsp_pwm_init
</UL>

<P><STRONG><a name="[89]"></a>timer_channel_output_config</STRONG> (Thumb, 740 bytes, Stack size 16 bytes, gd32e23x_timer.o(.text.timer_channel_output_config))
<BR><BR>[Stack]<UL><LI>Max Depth = 16<LI>Call Chain = timer_channel_output_config
</UL>
<BR>[Called By]<UL><LI><a href="#[83]">&gt;&gt;</a>&nbsp;&nbsp;&nbsp;bsp_pwm_init
</UL>

<P><STRONG><a name="[8a]"></a>timer_channel_output_mode_config</STRONG> (Thumb, 158 bytes, Stack size 16 bytes, gd32e23x_timer.o(.text.timer_channel_output_mode_config))
<BR><BR>[Stack]<UL><LI>Max Depth = 16<LI>Call Chain = timer_channel_output_mode_config
</UL>
<BR>[Called By]<UL><LI><a href="#[83]">&gt;&gt;</a>&nbsp;&nbsp;&nbsp;bsp_pwm_init
</UL>

<P><STRONG><a name="[8e]"></a>timer_channel_output_pulse_value_config</STRONG> (Thumb, 82 bytes, Stack size 16 bytes, gd32e23x_timer.o(.text.timer_channel_output_pulse_value_config))
<BR><BR>[Stack]<UL><LI>Max Depth = 16<LI>Call Chain = timer_channel_output_pulse_value_config
</UL>
<BR>[Called By]<UL><LI><a href="#[4b]">&gt;&gt;</a>&nbsp;&nbsp;&nbsp;bsp_pwm_set_duty
</UL>

<P><STRONG><a name="[8b]"></a>timer_channel_output_shadow_config</STRONG> (Thumb, 158 bytes, Stack size 16 bytes, gd32e23x_timer.o(.text.timer_channel_output_shadow_config))
<BR><BR>[Stack]<UL><LI>Max Depth = 16<LI>Call Chain = timer_channel_output_shadow_config
</UL>
<BR>[Called By]<UL><LI><a href="#[83]">&gt;&gt;</a>&nbsp;&nbsp;&nbsp;bsp_pwm_init
</UL>

<P><STRONG><a name="[88]"></a>timer_channel_output_struct_para_init</STRONG> (Thumb, 34 bytes, Stack size 4 bytes, gd32e23x_timer.o(.text.timer_channel_output_struct_para_init))
<BR><BR>[Stack]<UL><LI>Max Depth = 4<LI>Call Chain = timer_channel_output_struct_para_init
</UL>
<BR>[Called By]<UL><LI><a href="#[83]">&gt;&gt;</a>&nbsp;&nbsp;&nbsp;bsp_pwm_init
</UL>

<P><STRONG><a name="[85]"></a>timer_deinit</STRONG> (Thumb, 200 bytes, Stack size 48 bytes, gd32e23x_timer.o(.text.timer_deinit))
<BR><BR>[Stack]<UL><LI>Max Depth = 52<LI>Call Chain = timer_deinit &rArr; rcu_periph_reset_disable
</UL>
<BR>[Calls]<UL><LI><a href="#[35]">&gt;&gt;</a>&nbsp;&nbsp;&nbsp;rcu_periph_reset_disable
<LI><a href="#[34]">&gt;&gt;</a>&nbsp;&nbsp;&nbsp;rcu_periph_reset_enable
</UL>
<BR>[Called By]<UL><LI><a href="#[83]">&gt;&gt;</a>&nbsp;&nbsp;&nbsp;bsp_pwm_init
</UL>

<P><STRONG><a name="[8d]"></a>timer_enable</STRONG> (Thumb, 18 bytes, Stack size 4 bytes, gd32e23x_timer.o(.text.timer_enable))
<BR><BR>[Stack]<UL><LI>Max Depth = 4<LI>Call Chain = timer_enable
</UL>
<BR>[Called By]<UL><LI><a href="#[83]">&gt;&gt;</a>&nbsp;&nbsp;&nbsp;bsp_pwm_init
</UL>

<P><STRONG><a name="[87]"></a>timer_init</STRONG> (Thumb, 228 bytes, Stack size 8 bytes, gd32e23x_timer.o(.text.timer_init))
<BR><BR>[Stack]<UL><LI>Max Depth = 8<LI>Call Chain = timer_init
</UL>
<BR>[Called By]<UL><LI><a href="#[83]">&gt;&gt;</a>&nbsp;&nbsp;&nbsp;bsp_pwm_init
</UL>

<P><STRONG><a name="[86]"></a>timer_struct_para_init</STRONG> (Thumb, 36 bytes, Stack size 4 bytes, gd32e23x_timer.o(.text.timer_struct_para_init))
<BR><BR>[Stack]<UL><LI>Max Depth = 4<LI>Call Chain = timer_struct_para_init
</UL>
<BR>[Called By]<UL><LI><a href="#[83]">&gt;&gt;</a>&nbsp;&nbsp;&nbsp;bsp_pwm_init
</UL>

<P><STRONG><a name="[95]"></a>uart_ringbuffer_is_full</STRONG> (Thumb, 24 bytes, Stack size 0 bytes, bsp_uart_ringbuffer.o(.text.uart_ringbuffer_is_full))
<BR><BR>[Called By]<UL><LI><a href="#[32]">&gt;&gt;</a>&nbsp;&nbsp;&nbsp;uart_ringbuffer_push
</UL>

<P><STRONG><a name="[32]"></a>uart_ringbuffer_push</STRONG> (Thumb, 60 bytes, Stack size 16 bytes, bsp_uart_ringbuffer.o(.text.uart_ringbuffer_push))
<BR><BR>[Stack]<UL><LI>Max Depth = 16<LI>Call Chain = uart_ringbuffer_push
</UL>
<BR>[Calls]<UL><LI><a href="#[95]">&gt;&gt;</a>&nbsp;&nbsp;&nbsp;uart_ringbuffer_is_full
</UL>
<BR>[Called By]<UL><LI><a href="#[1e]">&gt;&gt;</a>&nbsp;&nbsp;&nbsp;USART0_IRQHandler
</UL>

<P><STRONG><a name="[31]"></a>usart_data_receive</STRONG> (Thumb, 16 bytes, Stack size 4 bytes, gd32e23x_usart.o(.text.usart_data_receive))
<BR><BR>[Stack]<UL><LI>Max Depth = 4<LI>Call Chain = usart_data_receive
</UL>
<BR>[Called By]<UL><LI><a href="#[1e]">&gt;&gt;</a>&nbsp;&nbsp;&nbsp;USART0_IRQHandler
</UL>

<P><STRONG><a name="[30]"></a>usart_interrupt_flag_get</STRONG> (Thumb, 98 bytes, Stack size 28 bytes, gd32e23x_usart.o(.text.usart_interrupt_flag_get))
<BR><BR>[Stack]<UL><LI>Max Depth = 28<LI>Call Chain = usart_interrupt_flag_get
</UL>
<BR>[Called By]<UL><LI><a href="#[1e]">&gt;&gt;</a>&nbsp;&nbsp;&nbsp;USART0_IRQHandler
</UL>

<P><STRONG><a name="[9d]"></a>__scatterload_copy</STRONG> (Thumb, 14 bytes, Stack size unknown bytes, handlers.o(i.__scatterload_copy), UNUSED)

<P><STRONG><a name="[9e]"></a>__scatterload_null</STRONG> (Thumb, 2 bytes, Stack size unknown bytes, handlers.o(i.__scatterload_null), UNUSED)

<P><STRONG><a name="[9f]"></a>__scatterload_zeroinit</STRONG> (Thumb, 14 bytes, Stack size unknown bytes, handlers.o(i.__scatterload_zeroinit), UNUSED)
<P>
<H3>
Local Symbols
</H3>
<P><STRONG><a name="[2d]"></a>_soft_delay_</STRONG> (Thumb, 38 bytes, Stack size 8 bytes, system_gd32e23x.o(.text._soft_delay_))
<BR><BR>[Stack]<UL><LI>Max Depth = 8<LI>Call Chain = _soft_delay_
</UL>
<BR>[Called By]<UL><LI><a href="#[23]">&gt;&gt;</a>&nbsp;&nbsp;&nbsp;SystemInit
</UL>

<P><STRONG><a name="[2e]"></a>system_clock_config</STRONG> (Thumb, 8 bytes, Stack size 8 bytes, system_gd32e23x.o(.text.system_clock_config))
<BR><BR>[Stack]<UL><LI>Max Depth = 36<LI>Call Chain = system_clock_config &rArr; system_clock_72m_irc8m
</UL>
<BR>[Calls]<UL><LI><a href="#[94]">&gt;&gt;</a>&nbsp;&nbsp;&nbsp;system_clock_72m_irc8m
</UL>
<BR>[Called By]<UL><LI><a href="#[23]">&gt;&gt;</a>&nbsp;&nbsp;&nbsp;SystemInit
</UL>

<P><STRONG><a name="[94]"></a>system_clock_72m_irc8m</STRONG> (Thumb, 316 bytes, Stack size 28 bytes, system_gd32e23x.o(.text.system_clock_72m_irc8m))
<BR><BR>[Stack]<UL><LI>Max Depth = 28<LI>Call Chain = system_clock_72m_irc8m
</UL>
<BR>[Called By]<UL><LI><a href="#[2e]">&gt;&gt;</a>&nbsp;&nbsp;&nbsp;system_clock_config
</UL>

<P><STRONG><a name="[92]"></a>__NVIC_SetPriority</STRONG> (Thumb, 124 bytes, Stack size 24 bytes, gd32e23x_misc.o(.text.__NVIC_SetPriority))
<BR><BR>[Stack]<UL><LI>Max Depth = 24<LI>Call Chain = __NVIC_SetPriority
</UL>
<BR>[Called By]<UL><LI><a href="#[7e]">&gt;&gt;</a>&nbsp;&nbsp;&nbsp;nvic_irq_enable
</UL>

<P><STRONG><a name="[93]"></a>__NVIC_EnableIRQ</STRONG> (Thumb, 48 bytes, Stack size 4 bytes, gd32e23x_misc.o(.text.__NVIC_EnableIRQ))
<BR><BR>[Stack]<UL><LI>Max Depth = 4<LI>Call Chain = __NVIC_EnableIRQ
</UL>
<BR>[Called By]<UL><LI><a href="#[7e]">&gt;&gt;</a>&nbsp;&nbsp;&nbsp;nvic_irq_enable
</UL>

<P><STRONG><a name="[2a]"></a>SysTick_Config</STRONG> (Thumb, 64 bytes, Stack size 24 bytes, delay.o(.text.SysTick_Config))
<BR><BR>[Stack]<UL><LI>Max Depth = 48<LI>Call Chain = SysTick_Config &rArr; __NVIC_SetPriority
</UL>
<BR>[Calls]<UL><LI><a href="#[2b]">&gt;&gt;</a>&nbsp;&nbsp;&nbsp;__NVIC_SetPriority
</UL>
<BR>[Called By]<UL><LI><a href="#[8f]">&gt;&gt;</a>&nbsp;&nbsp;&nbsp;delay_init
</UL>

<P><STRONG><a name="[2b]"></a>__NVIC_SetPriority</STRONG> (Thumb, 124 bytes, Stack size 24 bytes, delay.o(.text.__NVIC_SetPriority))
<BR><BR>[Stack]<UL><LI>Max Depth = 24<LI>Call Chain = __NVIC_SetPriority
</UL>
<BR>[Called By]<UL><LI><a href="#[2a]">&gt;&gt;</a>&nbsp;&nbsp;&nbsp;SysTick_Config
</UL>

<P><STRONG><a name="[81]"></a>bsp_key_rearm_service</STRONG> (Thumb, 136 bytes, Stack size 16 bytes, bsp_key.o(.text.bsp_key_rearm_service))
<BR><BR>[Stack]<UL><LI>Max Depth = 36<LI>Call Chain = bsp_key_rearm_service &rArr; bsp_key_sub_read &rArr; gpio_input_bit_get
</UL>
<BR>[Calls]<UL><LI><a href="#[80]">&gt;&gt;</a>&nbsp;&nbsp;&nbsp;bsp_key_sub_read
<LI><a href="#[78]">&gt;&gt;</a>&nbsp;&nbsp;&nbsp;bsp_key_add_read
<LI><a href="#[46]">&gt;&gt;</a>&nbsp;&nbsp;&nbsp;millis
</UL>
<BR>[Called By]<UL><LI><a href="#[59]">&gt;&gt;</a>&nbsp;&nbsp;&nbsp;bsp_key_get_event
</UL>

<P><STRONG><a name="[5a]"></a>bat_led_off</STRONG> (Thumb, 20 bytes, Stack size 16 bytes, bsp_battery_led.o(.text.bat_led_off))
<BR><BR>[Stack]<UL><LI>Max Depth = 24<LI>Call Chain = bat_led_off &rArr; gpio_bit_reset
</UL>
<BR>[Calls]<UL><LI><a href="#[5b]">&gt;&gt;</a>&nbsp;&nbsp;&nbsp;gpio_bit_reset
</UL>
<BR>[Called By]<UL><LI><a href="#[45]">&gt;&gt;</a>&nbsp;&nbsp;&nbsp;bsp_battery_led_all_off
</UL>

<P><STRONG><a name="[5c]"></a>bat_led_on</STRONG> (Thumb, 20 bytes, Stack size 16 bytes, bsp_battery_led.o(.text.bat_led_on))
<BR><BR>[Stack]<UL><LI>Max Depth = 24<LI>Call Chain = bat_led_on &rArr; gpio_bit_set
</UL>
<BR>[Calls]<UL><LI><a href="#[5d]">&gt;&gt;</a>&nbsp;&nbsp;&nbsp;gpio_bit_set
</UL>
<BR>[Called By]<UL><LI><a href="#[48]">&gt;&gt;</a>&nbsp;&nbsp;&nbsp;bsp_battery_led_set_mask
<LI><a href="#[49]">&gt;&gt;</a>&nbsp;&nbsp;&nbsp;bsp_battery_led_set_count
</UL>

<P><STRONG><a name="[51]"></a>app_brightness_apply</STRONG> (Thumb, 44 bytes, Stack size 16 bytes, app_brightness.o(.text.app_brightness_apply))
<BR><BR>[Stack]<UL><LI>Max Depth = 100<LI>Call Chain = app_brightness_apply &rArr; bsp_flash_write_level &rArr; fmc_word_program &rArr; fmc_ready_wait &rArr; fmc_state_get
</UL>
<BR>[Calls]<UL><LI><a href="#[52]">&gt;&gt;</a>&nbsp;&nbsp;&nbsp;bsp_flash_write_level
<LI><a href="#[4b]">&gt;&gt;</a>&nbsp;&nbsp;&nbsp;bsp_pwm_set_duty
</UL>
<BR>[Called By]<UL><LI><a href="#[53]">&gt;&gt;</a>&nbsp;&nbsp;&nbsp;app_brightness_init
<LI><a href="#[56]">&gt;&gt;</a>&nbsp;&nbsp;&nbsp;app_brightness_level_down
<LI><a href="#[57]">&gt;&gt;</a>&nbsp;&nbsp;&nbsp;app_brightness_level_up
</UL>

<P><STRONG><a name="[57]"></a>app_brightness_level_up</STRONG> (Thumb, 36 bytes, Stack size 8 bytes, app_brightness.o(.text.app_brightness_level_up))
<BR><BR>[Stack]<UL><LI>Max Depth = 156<LI>Call Chain = app_brightness_level_up &rArr; app_battery_led_show_for &rArr; app_battery_led_update &rArr; app_battery_get_effective_charge_status &rArr; app_battery_is_usb_active &rArr; bsp_charge_get_status &rArr; bsp_charge_is_full &rArr; gpio_input_bit_get
</UL>
<BR>[Calls]<UL><LI><a href="#[51]">&gt;&gt;</a>&nbsp;&nbsp;&nbsp;app_brightness_apply
<LI><a href="#[41]">&gt;&gt;</a>&nbsp;&nbsp;&nbsp;app_battery_led_show_for
</UL>
<BR>[Called By]<UL><LI><a href="#[58]">&gt;&gt;</a>&nbsp;&nbsp;&nbsp;app_brightness_process
</UL>

<P><STRONG><a name="[56]"></a>app_brightness_level_down</STRONG> (Thumb, 36 bytes, Stack size 8 bytes, app_brightness.o(.text.app_brightness_level_down))
<BR><BR>[Stack]<UL><LI>Max Depth = 156<LI>Call Chain = app_brightness_level_down &rArr; app_battery_led_show_for &rArr; app_battery_led_update &rArr; app_battery_get_effective_charge_status &rArr; app_battery_is_usb_active &rArr; bsp_charge_get_status &rArr; bsp_charge_is_full &rArr; gpio_input_bit_get
</UL>
<BR>[Calls]<UL><LI><a href="#[51]">&gt;&gt;</a>&nbsp;&nbsp;&nbsp;app_brightness_apply
<LI><a href="#[41]">&gt;&gt;</a>&nbsp;&nbsp;&nbsp;app_battery_led_show_for
</UL>
<BR>[Called By]<UL><LI><a href="#[58]">&gt;&gt;</a>&nbsp;&nbsp;&nbsp;app_brightness_process
</UL>

<P><STRONG><a name="[3f]"></a>app_battery_update_value</STRONG> (Thumb, 48 bytes, Stack size 16 bytes, app_battery_1.o(.text.app_battery_update_value))
<BR><BR>[Stack]<UL><LI>Max Depth = 116<LI>Call Chain = app_battery_update_value &rArr; bsp_battery_read_mv_average &rArr; bsp_battery_read_mv &rArr; bsp_adc_read_mv &rArr; bsp_adc_read_raw &rArr; adc_regular_channel_config
</UL>
<BR>[Calls]<UL><LI><a href="#[50]">&gt;&gt;</a>&nbsp;&nbsp;&nbsp;battery_voltage_to_led_count
<LI><a href="#[4f]">&gt;&gt;</a>&nbsp;&nbsp;&nbsp;battery_voltage_to_percent
<LI><a href="#[4e]">&gt;&gt;</a>&nbsp;&nbsp;&nbsp;bsp_battery_read_mv_average
</UL>
<BR>[Called By]<UL><LI><a href="#[4a]">&gt;&gt;</a>&nbsp;&nbsp;&nbsp;app_battery_process
<LI><a href="#[3c]">&gt;&gt;</a>&nbsp;&nbsp;&nbsp;app_battery_init
<LI><a href="#[41]">&gt;&gt;</a>&nbsp;&nbsp;&nbsp;app_battery_led_show_for
</UL>

<P><STRONG><a name="[47]"></a>app_battery_led_update</STRONG> (Thumb, 260 bytes, Stack size 48 bytes, app_battery_1.o(.text.app_battery_led_update))
<BR><BR>[Stack]<UL><LI>Max Depth = 132<LI>Call Chain = app_battery_led_update &rArr; app_battery_get_effective_charge_status &rArr; app_battery_is_usb_active &rArr; bsp_charge_get_status &rArr; bsp_charge_is_full &rArr; gpio_input_bit_get
</UL>
<BR>[Calls]<UL><LI><a href="#[36]">&gt;&gt;</a>&nbsp;&nbsp;&nbsp;app_battery_count_to_mask
<LI><a href="#[3b]">&gt;&gt;</a>&nbsp;&nbsp;&nbsp;app_battery_get_full_mask
<LI><a href="#[3a]">&gt;&gt;</a>&nbsp;&nbsp;&nbsp;app_battery_is_usb_active
<LI><a href="#[38]">&gt;&gt;</a>&nbsp;&nbsp;&nbsp;app_battery_get_effective_charge_status
<LI><a href="#[40]">&gt;&gt;</a>&nbsp;&nbsp;&nbsp;app_battery_is_switch_on
<LI><a href="#[48]">&gt;&gt;</a>&nbsp;&nbsp;&nbsp;bsp_battery_led_set_mask
<LI><a href="#[49]">&gt;&gt;</a>&nbsp;&nbsp;&nbsp;bsp_battery_led_set_count
<LI><a href="#[45]">&gt;&gt;</a>&nbsp;&nbsp;&nbsp;bsp_battery_led_all_off
<LI><a href="#[37]">&gt;&gt;</a>&nbsp;&nbsp;&nbsp;bsp_battery_led_get_max_count
</UL>
<BR>[Called By]<UL><LI><a href="#[4a]">&gt;&gt;</a>&nbsp;&nbsp;&nbsp;app_battery_process
<LI><a href="#[41]">&gt;&gt;</a>&nbsp;&nbsp;&nbsp;app_battery_led_show_for
</UL>

<P><STRONG><a name="[4f]"></a>battery_voltage_to_percent</STRONG> (Thumb, 88 bytes, Stack size 12 bytes, app_battery_1.o(.text.battery_voltage_to_percent))
<BR><BR>[Stack]<UL><LI>Max Depth = 12<LI>Call Chain = battery_voltage_to_percent
</UL>
<BR>[Called By]<UL><LI><a href="#[3f]">&gt;&gt;</a>&nbsp;&nbsp;&nbsp;app_battery_update_value
</UL>

<P><STRONG><a name="[50]"></a>battery_voltage_to_led_count</STRONG> (Thumb, 144 bytes, Stack size 24 bytes, app_battery_1.o(.text.battery_voltage_to_led_count))
<BR><BR>[Stack]<UL><LI>Max Depth = 24<LI>Call Chain = battery_voltage_to_led_count
</UL>
<BR>[Calls]<UL><LI><a href="#[37]">&gt;&gt;</a>&nbsp;&nbsp;&nbsp;bsp_battery_led_get_max_count
</UL>
<BR>[Called By]<UL><LI><a href="#[3f]">&gt;&gt;</a>&nbsp;&nbsp;&nbsp;app_battery_update_value
</UL>

<P><STRONG><a name="[38]"></a>app_battery_get_effective_charge_status</STRONG> (Thumb, 84 bytes, Stack size 24 bytes, app_battery_1.o(.text.app_battery_get_effective_charge_status))
<BR><BR>[Stack]<UL><LI>Max Depth = 84<LI>Call Chain = app_battery_get_effective_charge_status &rArr; app_battery_is_usb_active &rArr; bsp_charge_get_status &rArr; bsp_charge_is_full &rArr; gpio_input_bit_get
</UL>
<BR>[Calls]<UL><LI><a href="#[3a]">&gt;&gt;</a>&nbsp;&nbsp;&nbsp;app_battery_is_usb_active
<LI><a href="#[39]">&gt;&gt;</a>&nbsp;&nbsp;&nbsp;bsp_charge_get_status
</UL>
<BR>[Called By]<UL><LI><a href="#[4a]">&gt;&gt;</a>&nbsp;&nbsp;&nbsp;app_battery_process
<LI><a href="#[3c]">&gt;&gt;</a>&nbsp;&nbsp;&nbsp;app_battery_init
<LI><a href="#[47]">&gt;&gt;</a>&nbsp;&nbsp;&nbsp;app_battery_led_update
</UL>

<P><STRONG><a name="[3a]"></a>app_battery_is_usb_active</STRONG> (Thumb, 72 bytes, Stack size 16 bytes, app_battery_1.o(.text.app_battery_is_usb_active))
<BR><BR>[Stack]<UL><LI>Max Depth = 60<LI>Call Chain = app_battery_is_usb_active &rArr; bsp_charge_get_status &rArr; bsp_charge_is_full &rArr; gpio_input_bit_get
</UL>
<BR>[Calls]<UL><LI><a href="#[39]">&gt;&gt;</a>&nbsp;&nbsp;&nbsp;bsp_charge_get_status
<LI><a href="#[44]">&gt;&gt;</a>&nbsp;&nbsp;&nbsp;bsp_charge_is_usb_connected
</UL>
<BR>[Called By]<UL><LI><a href="#[4a]">&gt;&gt;</a>&nbsp;&nbsp;&nbsp;app_battery_process
<LI><a href="#[3c]">&gt;&gt;</a>&nbsp;&nbsp;&nbsp;app_battery_init
<LI><a href="#[38]">&gt;&gt;</a>&nbsp;&nbsp;&nbsp;app_battery_get_effective_charge_status
<LI><a href="#[47]">&gt;&gt;</a>&nbsp;&nbsp;&nbsp;app_battery_led_update
</UL>

<P><STRONG><a name="[3b]"></a>app_battery_get_full_mask</STRONG> (Thumb, 46 bytes, Stack size 16 bytes, app_battery_1.o(.text.app_battery_get_full_mask))
<BR><BR>[Stack]<UL><LI>Max Depth = 16<LI>Call Chain = app_battery_get_full_mask
</UL>
<BR>[Calls]<UL><LI><a href="#[37]">&gt;&gt;</a>&nbsp;&nbsp;&nbsp;bsp_battery_led_get_max_count
</UL>
<BR>[Called By]<UL><LI><a href="#[47]">&gt;&gt;</a>&nbsp;&nbsp;&nbsp;app_battery_led_update
</UL>

<P><STRONG><a name="[36]"></a>app_battery_count_to_mask</STRONG> (Thumb, 80 bytes, Stack size 24 bytes, app_battery_1.o(.text.app_battery_count_to_mask))
<BR><BR>[Stack]<UL><LI>Max Depth = 24<LI>Call Chain = app_battery_count_to_mask
</UL>
<BR>[Calls]<UL><LI><a href="#[37]">&gt;&gt;</a>&nbsp;&nbsp;&nbsp;bsp_battery_led_get_max_count
</UL>
<BR>[Called By]<UL><LI><a href="#[47]">&gt;&gt;</a>&nbsp;&nbsp;&nbsp;app_battery_led_update
</UL>

<P><STRONG><a name="[3d]"></a>app_battery_switch_det_init</STRONG> (Thumb, 24 bytes, Stack size 8 bytes, app_battery_1.o(.text.app_battery_switch_det_init))
<BR><BR>[Stack]<UL><LI>Max Depth = 36<LI>Call Chain = app_battery_switch_det_init &rArr; gpio_mode_set
</UL>
<BR>[Calls]<UL><LI><a href="#[4d]">&gt;&gt;</a>&nbsp;&nbsp;&nbsp;gpio_mode_set
<LI><a href="#[4c]">&gt;&gt;</a>&nbsp;&nbsp;&nbsp;rcu_periph_clock_enable
</UL>
<BR>[Called By]<UL><LI><a href="#[3c]">&gt;&gt;</a>&nbsp;&nbsp;&nbsp;app_battery_init
</UL>
<P>
<H3>
Undefined Global Symbols
</H3><HR></body></html>
