


ARM Macro Assembler    Page 1 


    1 00000000         ;/*!
    2 00000000         ;    \file    startup_gd32e23x.s
    3 00000000         ;    \brief   start up file
    4 00000000         ;
    5 00000000         ;    \version 2026-02-04, V2.5.0, firmware for GD32E23x
    6 00000000         ;*/
    7 00000000         
    8 00000000         ;/*  Copyright (c) 2012 ARM LIMITED
    9 00000000         ;    Copyright (c) 2026, GigaDevice Semiconductor Inc.
   10 00000000         ;
   11 00000000         ;   All rights reserved.
   12 00000000         ;   Redistribution and use in source and binary forms, w
                       ith or without
   13 00000000         ;   modification, are permitted provided that the follow
                       ing conditions are met:
   14 00000000         ;   - Redistributions of source code must retain the abo
                       ve copyright
   15 00000000         ;     notice, this list of conditions and the following 
                       disclaimer.
   16 00000000         ;   - Redistributions in binary form must reproduce the 
                       above copyright
   17 00000000         ;     notice, this list of conditions and the following 
                       disclaimer in the
   18 00000000         ;     documentation and/or other materials provided with
                        the distribution.
   19 00000000         ;   - Neither the name of ARM nor the names of its contr
                       ibutors may be used
   20 00000000         ;     to endorse or promote products derived from this s
                       oftware without
   21 00000000         ;     specific prior written permission.
   22 00000000         ;   *
   23 00000000         ;   THIS SOFTWARE IS PROVIDED BY THE COPYRIGHT HOLDERS A
                       ND CONTRIBUTORS "AS IS"
   24 00000000         ;   AND ANY EXPRESS OR IMPLIED WARRANTIES, INCLUDING, BU
                       T NOT LIMITED TO, THE
   25 00000000         ;   IMPLIED WARRANTIES OF MERCHANTABILITY AND FITNESS FO
                       R A PARTICULAR PURPOSE
   26 00000000         ;   ARE DISCLAIMED. IN NO EVENT SHALL COPYRIGHT HOLDERS 
                       AND CONTRIBUTORS BE
   27 00000000         ;   LIABLE FOR ANY DIRECT, INDIRECT, INCIDENTAL, SPECIAL
                       , EXEMPLARY, OR
   28 00000000         ;   CONSEQUENTIAL DAMAGES (INCLUDING, BUT NOT LIMITED TO
                       , PROCUREMENT OF
   29 00000000         ;   SUBSTITUTE GOODS OR SERVICES; LOSS OF USE, DATA, OR 
                       PROFITS; OR BUSINESS
   30 00000000         ;   INTERRUPTION) HOWEVER CAUSED AND ON ANY THEORY OF LI
                       ABILITY, WHETHER IN
   31 00000000         ;   CONTRACT, STRICT LIABILITY, OR TORT (INCLUDING NEGLI
                       GENCE OR OTHERWISE)
   32 00000000         ;   ARISING IN ANY WAY OUT OF THE USE OF THIS SOFTWARE, 
                       EVEN IF ADVISED OF THE
   33 00000000         ;   POSSIBILITY OF SUCH DAMAGE.
   34 00000000         ;*/
   35 00000000         ;/* This file refers the CMSIS standard, some adjustment
                       s are made according to GigaDevice chips */
   36 00000000         
   37 00000000         ; <h> Stack Configuration
   38 00000000         ;   <o> Stack Size (in Bytes) <0x0-0xFFFFFFFF:8>
   39 00000000         ; </h>



ARM Macro Assembler    Page 2 


   40 00000000         
   41 00000000 00000400 
                       Stack_Size
                               EQU              0x00000400
   42 00000000         
   43 00000000                 AREA             STACK, NOINIT, READWRITE, ALIGN
=3
   44 00000000         Stack_Mem
                               SPACE            Stack_Size
   45 00000400         __initial_sp
   46 00000400         
   47 00000400         
   48 00000400         ; <h> Heap Configuration
   49 00000400         ;   <o>  Heap Size (in Bytes) <0x0-0xFFFFFFFF:8>
   50 00000400         ; </h>
   51 00000400         
   52 00000400 00000400 
                       Heap_Size
                               EQU              0x00000400
   53 00000400         
   54 00000400                 AREA             HEAP, NOINIT, READWRITE, ALIGN=
3
   55 00000000         __heap_base
   56 00000000         Heap_Mem
                               SPACE            Heap_Size
   57 00000400         __heap_limit
   58 00000400         
   59 00000400                 PRESERVE8
   60 00000400                 THUMB
   61 00000400         
   62 00000400         ;               /* reset Vector Mapped to at Address 0 *
                       /
   63 00000400                 AREA             RESET, DATA, READONLY
   64 00000000                 EXPORT           __Vectors
   65 00000000                 EXPORT           __Vectors_End
   66 00000000                 EXPORT           __Vectors_Size
   67 00000000         
   68 00000000 00000000 
                       __Vectors
                               DCD              __initial_sp ; Top of Stack
   69 00000004 00000000        DCD              Reset_Handler ; Reset Handler
   70 00000008 00000000        DCD              NMI_Handler ; NMI Handler
   71 0000000C 00000000        DCD              HardFault_Handler ; Hard Fault 
                                                            Handler
   72 00000010 00000000        DCD              0           ; Reserved
   73 00000014 00000000        DCD              0           ; Reserved
   74 00000018 00000000        DCD              0           ; Reserved
   75 0000001C 00000000        DCD              0           ; Reserved
   76 00000020 00000000        DCD              0           ; Reserved
   77 00000024 00000000        DCD              0           ; Reserved
   78 00000028 00000000        DCD              0           ; Reserved
   79 0000002C 00000000        DCD              SVC_Handler ; SVCall Handler
   80 00000030 00000000        DCD              0           ; Reserved
   81 00000034 00000000        DCD              0           ; Reserved
   82 00000038 00000000        DCD              PendSV_Handler ; PendSV Handler
                                                            
   83 0000003C 00000000        DCD              SysTick_Handler 
                                                            ; SysTick Handler
   84 00000040         



ARM Macro Assembler    Page 3 


   85 00000040         ;               /* external interrupts handler */
   86 00000040 00000000        DCD              WWDGT_IRQHandler ; 16:Window Wa
                                                            tchdog Timer
   87 00000044 00000000        DCD              LVD_IRQHandler ; 17:LVD through
                                                             EXTI Line detect
   88 00000048 00000000        DCD              RTC_IRQHandler ; 18:RTC through
                                                             EXTI Line
   89 0000004C 00000000        DCD              FMC_IRQHandler ; 19:FMC
   90 00000050 00000000        DCD              RCU_IRQHandler ; 20:RCU
   91 00000054 00000000        DCD              EXTI0_1_IRQHandler ; 21:EXTI Li
                                                            ne 0 and EXTI Line 
                                                            1
   92 00000058 00000000        DCD              EXTI2_3_IRQHandler ; 22:EXTI Li
                                                            ne 2 and EXTI Line 
                                                            3
   93 0000005C 00000000        DCD              EXTI4_15_IRQHandler ; 23:EXTI L
                                                            ine 4 to EXTI Line 
                                                            15
   94 00000060 00000000        DCD              0           ; Reserved
   95 00000064 00000000        DCD              DMA_Channel0_IRQHandler 
                                                            ; 25:DMA Channel 0 
                                                            
   96 00000068 00000000        DCD              DMA_Channel1_2_IRQHandler ; 26:
                                                            DMA Channel 1 and D
                                                            MA Channel 2
   97 0000006C 00000000        DCD              DMA_Channel3_4_IRQHandler ; 27:
                                                            DMA Channel 3 and D
                                                            MA Channel 4
   98 00000070 00000000        DCD              ADC_CMP_IRQHandler ; 28:ADC and
                                                             Comparator
   99 00000074 00000000        DCD              TIMER0_BRK_UP_TRG_COM_IRQHandle
r 
                                                            ; 29:TIMER0 Break,U
                                                            pdate,Trigger and C
                                                            ommutation
  100 00000078 00000000        DCD              TIMER0_Channel_IRQHandler ; 30:
                                                            TIMER0 Channel Capt
                                                            ure Compare
  101 0000007C 00000000        DCD              0           ; Reserved
  102 00000080 00000000        DCD              TIMER2_IRQHandler ; 32:TIMER2
  103 00000084 00000000        DCD              TIMER5_IRQHandler ; 33:TIMER5
  104 00000088 00000000        DCD              0           ; Reserved
  105 0000008C 00000000        DCD              TIMER13_IRQHandler ; 35:TIMER13
                                                            
  106 00000090 00000000        DCD              TIMER14_IRQHandler ; 36:TIMER14
                                                            
  107 00000094 00000000        DCD              TIMER15_IRQHandler ; 37:TIMER15
                                                            
  108 00000098 00000000        DCD              TIMER16_IRQHandler ; 38:TIMER16
                                                            
  109 0000009C 00000000        DCD              I2C0_EV_IRQHandler 
                                                            ; 39:I2C0 Event
  110 000000A0 00000000        DCD              I2C1_EV_IRQHandler 
                                                            ; 40:I2C1 Event
  111 000000A4 00000000        DCD              SPI0_IRQHandler ; 41:SPI0
  112 000000A8 00000000        DCD              SPI1_IRQHandler ; 42:SPI1
  113 000000AC 00000000        DCD              USART0_IRQHandler ; 43:USART0
  114 000000B0 00000000        DCD              USART1_IRQHandler ; 44:USART1
  115 000000B4 00000000        DCD              0           ; Reserved



ARM Macro Assembler    Page 4 


  116 000000B8 00000000        DCD              0           ; Reserved
  117 000000BC 00000000        DCD              0           ; Reserved
  118 000000C0 00000000        DCD              I2C0_ER_IRQHandler 
                                                            ; 48:I2C0 Error
  119 000000C4 00000000        DCD              0           ; Reserved
  120 000000C8 00000000        DCD              I2C1_ER_IRQHandler 
                                                            ; 50:I2C1 Error
  121 000000CC         __Vectors_End
  122 000000CC         
  123 000000CC 000000CC 
                       __Vectors_Size
                               EQU              __Vectors_End - __Vectors
  124 000000CC         
  125 000000CC                 AREA             |.text|, CODE, READONLY
  126 00000000         
  127 00000000         ;/* reset Handler */
  128 00000000         Reset_Handler
                               PROC
  129 00000000                 EXPORT           Reset_Handler                  
   [WEAK]
  130 00000000                 IMPORT           SystemInit
  131 00000000                 IMPORT           __main
  132 00000000         
  133 00000000 480B            LDR              R0, =0x1FFFF7E0
  134 00000002 6802            LDR              R2, [R0]
  135 00000004 480B            LDR              R0, = 0xFFFF0000
  136 00000006 4002            ANDS             R2, R2, R0
  137 00000008 0C12            LSRS             R2, R2, #16
  138 0000000A 0292            LSLS             R2, R2, #10
  139 0000000C 490A            LDR              R1, =0x20000000
  140 0000000E F240 0000       MOV              R0, #0x00
  141 00000012 C101    SRAM_INIT
                               STM              R1!, {R0}
  142 00000014 1F12            SUBS             R2, R2, #4
  143 00000016 2A00            CMP              R2, #0x00
  144 00000018 D1FB            BNE              SRAM_INIT
  145 0000001A         
  146 0000001A 4808            LDR              R0, =SystemInit
  147 0000001C 4780            BLX              R0
  148 0000001E 4808            LDR              R0, =__main
  149 00000020 4700            BX               R0
  150 00000022                 ENDP
  151 00000022         
  152 00000022         ;/* dummy Exception Handlers */
  154 00000022         NMI_Handler
                               PROC
  155 00000022                 EXPORT           NMI_Handler                    
   [WEAK]
  156 00000022 E7FE            B                .
  157 00000024                 ENDP
  159 00000024         HardFault_Handler
                               PROC
  160 00000024                 EXPORT           HardFault_Handler              
   [WEAK]
  161 00000024 E7FE            B                .
  162 00000026                 ENDP
  164 00000026         SVC_Handler
                               PROC
  165 00000026                 EXPORT           SVC_Handler                    



ARM Macro Assembler    Page 5 


   [WEAK]
  166 00000026 E7FE            B                .
  167 00000028                 ENDP
  169 00000028         PendSV_Handler
                               PROC
  170 00000028                 EXPORT           PendSV_Handler                 
   [WEAK]
  171 00000028 E7FE            B                .
  172 0000002A                 ENDP
  174 0000002A         SysTick_Handler
                               PROC
  175 0000002A                 EXPORT           SysTick_Handler                
   [WEAK]
  176 0000002A E7FE            B                .
  177 0000002C                 ENDP
  178 0000002C         
  179 0000002C         Default_Handler
                               PROC
  180 0000002C         ;               /* external interrupts handler */
  181 0000002C                 EXPORT           WWDGT_IRQHandler               
   [WEAK]
  182 0000002C                 EXPORT           LVD_IRQHandler                 
   [WEAK]
  183 0000002C                 EXPORT           RTC_IRQHandler                 
   [WEAK]
  184 0000002C                 EXPORT           FMC_IRQHandler                 
   [WEAK]
  185 0000002C                 EXPORT           RCU_IRQHandler                 
   [WEAK]
  186 0000002C                 EXPORT           EXTI0_1_IRQHandler             
   [WEAK]
  187 0000002C                 EXPORT           EXTI2_3_IRQHandler             
   [WEAK]
  188 0000002C                 EXPORT           EXTI4_15_IRQHandler            
   [WEAK]
  189 0000002C                 EXPORT           DMA_Channel0_IRQHandler        
   [WEAK]
  190 0000002C                 EXPORT           DMA_Channel1_2_IRQHandler      
   [WEAK]
  191 0000002C                 EXPORT           DMA_Channel3_4_IRQHandler      
   [WEAK]
  192 0000002C                 EXPORT           ADC_CMP_IRQHandler             
   [WEAK]
  193 0000002C                 EXPORT           TIMER0_BRK_UP_TRG_COM_IRQHandle
r  [WEAK]
  194 0000002C                 EXPORT           TIMER0_Channel_IRQHandler      
   [WEAK]
  195 0000002C                 EXPORT           TIMER2_IRQHandler              
   [WEAK]
  196 0000002C                 EXPORT           TIMER5_IRQHandler              
   [WEAK]
  197 0000002C                 EXPORT           TIMER13_IRQHandler             
   [WEAK]
  198 0000002C                 EXPORT           TIMER14_IRQHandler             
   [WEAK]
  199 0000002C                 EXPORT           TIMER15_IRQHandler             
   [WEAK]
  200 0000002C                 EXPORT           TIMER16_IRQHandler             
   [WEAK]



ARM Macro Assembler    Page 6 


  201 0000002C                 EXPORT           I2C0_EV_IRQHandler             
   [WEAK]
  202 0000002C                 EXPORT           I2C1_EV_IRQHandler             
   [WEAK]
  203 0000002C                 EXPORT           SPI0_IRQHandler                
   [WEAK]
  204 0000002C                 EXPORT           SPI1_IRQHandler                
   [WEAK]
  205 0000002C                 EXPORT           USART0_IRQHandler              
   [WEAK]
  206 0000002C                 EXPORT           USART1_IRQHandler              
   [WEAK]
  207 0000002C                 EXPORT           I2C0_ER_IRQHandler             
   [WEAK]
  208 0000002C                 EXPORT           I2C1_ER_IRQHandler             
   [WEAK]
  209 0000002C         
  210 0000002C         ;/* external interrupts handler */
  211 0000002C         WWDGT_IRQHandler
  212 0000002C         LVD_IRQHandler
  213 0000002C         RTC_IRQHandler
  214 0000002C         FMC_IRQHandler
  215 0000002C         RCU_IRQHandler
  216 0000002C         EXTI0_1_IRQHandler
  217 0000002C         EXTI2_3_IRQHandler
  218 0000002C         EXTI4_15_IRQHandler
  219 0000002C         DMA_Channel0_IRQHandler
  220 0000002C         DMA_Channel1_2_IRQHandler
  221 0000002C         DMA_Channel3_4_IRQHandler
  222 0000002C         ADC_CMP_IRQHandler
  223 0000002C         TIMER0_BRK_UP_TRG_COM_IRQHandler
  224 0000002C         TIMER0_Channel_IRQHandler
  225 0000002C         TIMER2_IRQHandler
  226 0000002C         TIMER5_IRQHandler
  227 0000002C         TIMER13_IRQHandler
  228 0000002C         TIMER14_IRQHandler
  229 0000002C         TIMER15_IRQHandler
  230 0000002C         TIMER16_IRQHandler
  231 0000002C         I2C0_EV_IRQHandler
  232 0000002C         I2C1_EV_IRQHandler
  233 0000002C         SPI0_IRQHandler
  234 0000002C         SPI1_IRQHandler
  235 0000002C         USART0_IRQHandler
  236 0000002C         USART1_IRQHandler
  237 0000002C         I2C0_ER_IRQHandler
  238 0000002C         I2C1_ER_IRQHandler
  239 0000002C         
  240 0000002C E7FE            B                .
  241 0000002E                 ENDP
  242 0000002E         
  243 0000002E 00 00           ALIGN
  244 00000030         
  245 00000030         ; user Initial Stack & Heap
  246 00000030         
  247 00000030                 IF               :DEF:__MICROLIB
  248 00000030         
  249 00000030                 EXPORT           __initial_sp
  250 00000030                 EXPORT           __heap_base
  251 00000030                 EXPORT           __heap_limit



ARM Macro Assembler    Page 7 


  252 00000030         
  253 00000030                 ELSE
  268                          ENDIF
  269 00000030         
  270 00000030                 END
              1FFFF7E0 
              FFFF0000 
              20000000 
              00000000 
              00000000 
Command Line: --debug --xref --diag_suppress=9931,A1950W --cpu=Cortex-M23 --dep
end=.\output\startup_gd32e23x.d -o.\output\startup_gd32e23x.o -I.\RTE\_GD32E23x
 -I"F:\Keil5\Keil5 MDK541\ARM\CMSIS\6.1.0\CMSIS\Core\Include" -I"F:\Keil5\Keil5
 MDK541\GigaDevice\GD32E23x_DFP\1.0.2\Device\Include" --predefine="__EVAL SETA 
1" --predefine="__MICROLIB SETA 1" --predefine="__UVISION_VERSION SETA 541" --p
redefine="GD32E23x SETA 1" --predefine="_RTE_ SETA 1" --list=.\list\startup_gd3
2e23x.lst ..\..\libraries\CMSIS\GD\GD32E23x\Source\ARM\startup_gd32e23x.s



ARM Macro Assembler    Page 1 Alphabetic symbol ordering
Relocatable symbols

STACK 00000000

Symbol: STACK
   Definitions
      At line 43 in file ..\..\libraries\CMSIS\GD\GD32E23x\Source\ARM\startup_g
d32e23x.s
   Uses
      None
Comment: STACK unused
Stack_Mem 00000000

Symbol: Stack_Mem
   Definitions
      At line 44 in file ..\..\libraries\CMSIS\GD\GD32E23x\Source\ARM\startup_g
d32e23x.s
   Uses
      None
Comment: Stack_Mem unused
__initial_sp 00000400

Symbol: __initial_sp
   Definitions
      At line 45 in file ..\..\libraries\CMSIS\GD\GD32E23x\Source\ARM\startup_g
d32e23x.s
   Uses
      At line 68 in file ..\..\libraries\CMSIS\GD\GD32E23x\Source\ARM\startup_g
d32e23x.s
      At line 249 in file ..\..\libraries\CMSIS\GD\GD32E23x\Source\ARM\startup_
gd32e23x.s

3 symbols



ARM Macro Assembler    Page 1 Alphabetic symbol ordering
Relocatable symbols

HEAP 00000000

Symbol: HEAP
   Definitions
      At line 54 in file ..\..\libraries\CMSIS\GD\GD32E23x\Source\ARM\startup_g
d32e23x.s
   Uses
      None
Comment: HEAP unused
Heap_Mem 00000000

Symbol: Heap_Mem
   Definitions
      At line 56 in file ..\..\libraries\CMSIS\GD\GD32E23x\Source\ARM\startup_g
d32e23x.s
   Uses
      None
Comment: Heap_Mem unused
__heap_base 00000000

Symbol: __heap_base
   Definitions
      At line 55 in file ..\..\libraries\CMSIS\GD\GD32E23x\Source\ARM\startup_g
d32e23x.s
   Uses
      At line 250 in file ..\..\libraries\CMSIS\GD\GD32E23x\Source\ARM\startup_
gd32e23x.s
Comment: __heap_base used once
__heap_limit 00000400

Symbol: __heap_limit
   Definitions
      At line 57 in file ..\..\libraries\CMSIS\GD\GD32E23x\Source\ARM\startup_g
d32e23x.s
   Uses
      At line 251 in file ..\..\libraries\CMSIS\GD\GD32E23x\Source\ARM\startup_
gd32e23x.s
Comment: __heap_limit used once
4 symbols



ARM Macro Assembler    Page 1 Alphabetic symbol ordering
Relocatable symbols

RESET 00000000

Symbol: RESET
   Definitions
      At line 63 in file ..\..\libraries\CMSIS\GD\GD32E23x\Source\ARM\startup_g
d32e23x.s
   Uses
      None
Comment: RESET unused
__Vectors 00000000

Symbol: __Vectors
   Definitions
      At line 68 in file ..\..\libraries\CMSIS\GD\GD32E23x\Source\ARM\startup_g
d32e23x.s
   Uses
      At line 64 in file ..\..\libraries\CMSIS\GD\GD32E23x\Source\ARM\startup_g
d32e23x.s
      At line 123 in file ..\..\libraries\CMSIS\GD\GD32E23x\Source\ARM\startup_
gd32e23x.s

__Vectors_End 000000CC

Symbol: __Vectors_End
   Definitions
      At line 121 in file ..\..\libraries\CMSIS\GD\GD32E23x\Source\ARM\startup_
gd32e23x.s
   Uses
      At line 65 in file ..\..\libraries\CMSIS\GD\GD32E23x\Source\ARM\startup_g
d32e23x.s
      At line 123 in file ..\..\libraries\CMSIS\GD\GD32E23x\Source\ARM\startup_
gd32e23x.s

3 symbols



ARM Macro Assembler    Page 1 Alphabetic symbol ordering
Relocatable symbols

.text 00000000

Symbol: .text
   Definitions
      At line 125 in file ..\..\libraries\CMSIS\GD\GD32E23x\Source\ARM\startup_
gd32e23x.s
   Uses
      None
Comment: .text unused
ADC_CMP_IRQHandler 0000002C

Symbol: ADC_CMP_IRQHandler
   Definitions
      At line 222 in file ..\..\libraries\CMSIS\GD\GD32E23x\Source\ARM\startup_
gd32e23x.s
   Uses
      At line 98 in file ..\..\libraries\CMSIS\GD\GD32E23x\Source\ARM\startup_g
d32e23x.s
      At line 192 in file ..\..\libraries\CMSIS\GD\GD32E23x\Source\ARM\startup_
gd32e23x.s

DMA_Channel0_IRQHandler 0000002C

Symbol: DMA_Channel0_IRQHandler
   Definitions
      At line 219 in file ..\..\libraries\CMSIS\GD\GD32E23x\Source\ARM\startup_
gd32e23x.s
   Uses
      At line 95 in file ..\..\libraries\CMSIS\GD\GD32E23x\Source\ARM\startup_g
d32e23x.s
      At line 189 in file ..\..\libraries\CMSIS\GD\GD32E23x\Source\ARM\startup_
gd32e23x.s

DMA_Channel1_2_IRQHandler 0000002C

Symbol: DMA_Channel1_2_IRQHandler
   Definitions
      At line 220 in file ..\..\libraries\CMSIS\GD\GD32E23x\Source\ARM\startup_
gd32e23x.s
   Uses
      At line 96 in file ..\..\libraries\CMSIS\GD\GD32E23x\Source\ARM\startup_g
d32e23x.s
      At line 190 in file ..\..\libraries\CMSIS\GD\GD32E23x\Source\ARM\startup_
gd32e23x.s

DMA_Channel3_4_IRQHandler 0000002C

Symbol: DMA_Channel3_4_IRQHandler
   Definitions
      At line 221 in file ..\..\libraries\CMSIS\GD\GD32E23x\Source\ARM\startup_
gd32e23x.s
   Uses
      At line 97 in file ..\..\libraries\CMSIS\GD\GD32E23x\Source\ARM\startup_g
d32e23x.s
      At line 191 in file ..\..\libraries\CMSIS\GD\GD32E23x\Source\ARM\startup_
gd32e23x.s

Default_Handler 0000002C




ARM Macro Assembler    Page 2 Alphabetic symbol ordering
Relocatable symbols

Symbol: Default_Handler
   Definitions
      At line 179 in file ..\..\libraries\CMSIS\GD\GD32E23x\Source\ARM\startup_
gd32e23x.s
   Uses
      None
Comment: Default_Handler unused
EXTI0_1_IRQHandler 0000002C

Symbol: EXTI0_1_IRQHandler
   Definitions
      At line 216 in file ..\..\libraries\CMSIS\GD\GD32E23x\Source\ARM\startup_
gd32e23x.s
   Uses
      At line 91 in file ..\..\libraries\CMSIS\GD\GD32E23x\Source\ARM\startup_g
d32e23x.s
      At line 186 in file ..\..\libraries\CMSIS\GD\GD32E23x\Source\ARM\startup_
gd32e23x.s

EXTI2_3_IRQHandler 0000002C

Symbol: EXTI2_3_IRQHandler
   Definitions
      At line 217 in file ..\..\libraries\CMSIS\GD\GD32E23x\Source\ARM\startup_
gd32e23x.s
   Uses
      At line 92 in file ..\..\libraries\CMSIS\GD\GD32E23x\Source\ARM\startup_g
d32e23x.s
      At line 187 in file ..\..\libraries\CMSIS\GD\GD32E23x\Source\ARM\startup_
gd32e23x.s

EXTI4_15_IRQHandler 0000002C

Symbol: EXTI4_15_IRQHandler
   Definitions
      At line 218 in file ..\..\libraries\CMSIS\GD\GD32E23x\Source\ARM\startup_
gd32e23x.s
   Uses
      At line 93 in file ..\..\libraries\CMSIS\GD\GD32E23x\Source\ARM\startup_g
d32e23x.s
      At line 188 in file ..\..\libraries\CMSIS\GD\GD32E23x\Source\ARM\startup_
gd32e23x.s

FMC_IRQHandler 0000002C

Symbol: FMC_IRQHandler
   Definitions
      At line 214 in file ..\..\libraries\CMSIS\GD\GD32E23x\Source\ARM\startup_
gd32e23x.s
   Uses
      At line 89 in file ..\..\libraries\CMSIS\GD\GD32E23x\Source\ARM\startup_g
d32e23x.s
      At line 184 in file ..\..\libraries\CMSIS\GD\GD32E23x\Source\ARM\startup_
gd32e23x.s

HardFault_Handler 00000024

Symbol: HardFault_Handler
   Definitions



ARM Macro Assembler    Page 3 Alphabetic symbol ordering
Relocatable symbols

      At line 159 in file ..\..\libraries\CMSIS\GD\GD32E23x\Source\ARM\startup_
gd32e23x.s
   Uses
      At line 71 in file ..\..\libraries\CMSIS\GD\GD32E23x\Source\ARM\startup_g
d32e23x.s
      At line 160 in file ..\..\libraries\CMSIS\GD\GD32E23x\Source\ARM\startup_
gd32e23x.s

I2C0_ER_IRQHandler 0000002C

Symbol: I2C0_ER_IRQHandler
   Definitions
      At line 237 in file ..\..\libraries\CMSIS\GD\GD32E23x\Source\ARM\startup_
gd32e23x.s
   Uses
      At line 118 in file ..\..\libraries\CMSIS\GD\GD32E23x\Source\ARM\startup_
gd32e23x.s
      At line 207 in file ..\..\libraries\CMSIS\GD\GD32E23x\Source\ARM\startup_
gd32e23x.s

I2C0_EV_IRQHandler 0000002C

Symbol: I2C0_EV_IRQHandler
   Definitions
      At line 231 in file ..\..\libraries\CMSIS\GD\GD32E23x\Source\ARM\startup_
gd32e23x.s
   Uses
      At line 109 in file ..\..\libraries\CMSIS\GD\GD32E23x\Source\ARM\startup_
gd32e23x.s
      At line 201 in file ..\..\libraries\CMSIS\GD\GD32E23x\Source\ARM\startup_
gd32e23x.s

I2C1_ER_IRQHandler 0000002C

Symbol: I2C1_ER_IRQHandler
   Definitions
      At line 238 in file ..\..\libraries\CMSIS\GD\GD32E23x\Source\ARM\startup_
gd32e23x.s
   Uses
      At line 120 in file ..\..\libraries\CMSIS\GD\GD32E23x\Source\ARM\startup_
gd32e23x.s
      At line 208 in file ..\..\libraries\CMSIS\GD\GD32E23x\Source\ARM\startup_
gd32e23x.s

I2C1_EV_IRQHandler 0000002C

Symbol: I2C1_EV_IRQHandler
   Definitions
      At line 232 in file ..\..\libraries\CMSIS\GD\GD32E23x\Source\ARM\startup_
gd32e23x.s
   Uses
      At line 110 in file ..\..\libraries\CMSIS\GD\GD32E23x\Source\ARM\startup_
gd32e23x.s
      At line 202 in file ..\..\libraries\CMSIS\GD\GD32E23x\Source\ARM\startup_
gd32e23x.s

LVD_IRQHandler 0000002C

Symbol: LVD_IRQHandler



ARM Macro Assembler    Page 4 Alphabetic symbol ordering
Relocatable symbols

   Definitions
      At line 212 in file ..\..\libraries\CMSIS\GD\GD32E23x\Source\ARM\startup_
gd32e23x.s
   Uses
      At line 87 in file ..\..\libraries\CMSIS\GD\GD32E23x\Source\ARM\startup_g
d32e23x.s
      At line 182 in file ..\..\libraries\CMSIS\GD\GD32E23x\Source\ARM\startup_
gd32e23x.s

NMI_Handler 00000022

Symbol: NMI_Handler
   Definitions
      At line 154 in file ..\..\libraries\CMSIS\GD\GD32E23x\Source\ARM\startup_
gd32e23x.s
   Uses
      At line 70 in file ..\..\libraries\CMSIS\GD\GD32E23x\Source\ARM\startup_g
d32e23x.s
      At line 155 in file ..\..\libraries\CMSIS\GD\GD32E23x\Source\ARM\startup_
gd32e23x.s

PendSV_Handler 00000028

Symbol: PendSV_Handler
   Definitions
      At line 169 in file ..\..\libraries\CMSIS\GD\GD32E23x\Source\ARM\startup_
gd32e23x.s
   Uses
      At line 82 in file ..\..\libraries\CMSIS\GD\GD32E23x\Source\ARM\startup_g
d32e23x.s
      At line 170 in file ..\..\libraries\CMSIS\GD\GD32E23x\Source\ARM\startup_
gd32e23x.s

RCU_IRQHandler 0000002C

Symbol: RCU_IRQHandler
   Definitions
      At line 215 in file ..\..\libraries\CMSIS\GD\GD32E23x\Source\ARM\startup_
gd32e23x.s
   Uses
      At line 90 in file ..\..\libraries\CMSIS\GD\GD32E23x\Source\ARM\startup_g
d32e23x.s
      At line 185 in file ..\..\libraries\CMSIS\GD\GD32E23x\Source\ARM\startup_
gd32e23x.s

RTC_IRQHandler 0000002C

Symbol: RTC_IRQHandler
   Definitions
      At line 213 in file ..\..\libraries\CMSIS\GD\GD32E23x\Source\ARM\startup_
gd32e23x.s
   Uses
      At line 88 in file ..\..\libraries\CMSIS\GD\GD32E23x\Source\ARM\startup_g
d32e23x.s
      At line 183 in file ..\..\libraries\CMSIS\GD\GD32E23x\Source\ARM\startup_
gd32e23x.s

Reset_Handler 00000000




ARM Macro Assembler    Page 5 Alphabetic symbol ordering
Relocatable symbols

Symbol: Reset_Handler
   Definitions
      At line 128 in file ..\..\libraries\CMSIS\GD\GD32E23x\Source\ARM\startup_
gd32e23x.s
   Uses
      At line 69 in file ..\..\libraries\CMSIS\GD\GD32E23x\Source\ARM\startup_g
d32e23x.s
      At line 129 in file ..\..\libraries\CMSIS\GD\GD32E23x\Source\ARM\startup_
gd32e23x.s

SPI0_IRQHandler 0000002C

Symbol: SPI0_IRQHandler
   Definitions
      At line 233 in file ..\..\libraries\CMSIS\GD\GD32E23x\Source\ARM\startup_
gd32e23x.s
   Uses
      At line 111 in file ..\..\libraries\CMSIS\GD\GD32E23x\Source\ARM\startup_
gd32e23x.s
      At line 203 in file ..\..\libraries\CMSIS\GD\GD32E23x\Source\ARM\startup_
gd32e23x.s

SPI1_IRQHandler 0000002C

Symbol: SPI1_IRQHandler
   Definitions
      At line 234 in file ..\..\libraries\CMSIS\GD\GD32E23x\Source\ARM\startup_
gd32e23x.s
   Uses
      At line 112 in file ..\..\libraries\CMSIS\GD\GD32E23x\Source\ARM\startup_
gd32e23x.s
      At line 204 in file ..\..\libraries\CMSIS\GD\GD32E23x\Source\ARM\startup_
gd32e23x.s

SRAM_INIT 00000012

Symbol: SRAM_INIT
   Definitions
      At line 141 in file ..\..\libraries\CMSIS\GD\GD32E23x\Source\ARM\startup_
gd32e23x.s
   Uses
      At line 144 in file ..\..\libraries\CMSIS\GD\GD32E23x\Source\ARM\startup_
gd32e23x.s
Comment: SRAM_INIT used once
SVC_Handler 00000026

Symbol: SVC_Handler
   Definitions
      At line 164 in file ..\..\libraries\CMSIS\GD\GD32E23x\Source\ARM\startup_
gd32e23x.s
   Uses
      At line 79 in file ..\..\libraries\CMSIS\GD\GD32E23x\Source\ARM\startup_g
d32e23x.s
      At line 165 in file ..\..\libraries\CMSIS\GD\GD32E23x\Source\ARM\startup_
gd32e23x.s

SysTick_Handler 0000002A

Symbol: SysTick_Handler



ARM Macro Assembler    Page 6 Alphabetic symbol ordering
Relocatable symbols

   Definitions
      At line 174 in file ..\..\libraries\CMSIS\GD\GD32E23x\Source\ARM\startup_
gd32e23x.s
   Uses
      At line 83 in file ..\..\libraries\CMSIS\GD\GD32E23x\Source\ARM\startup_g
d32e23x.s
      At line 175 in file ..\..\libraries\CMSIS\GD\GD32E23x\Source\ARM\startup_
gd32e23x.s

TIMER0_BRK_UP_TRG_COM_IRQHandler 0000002C

Symbol: TIMER0_BRK_UP_TRG_COM_IRQHandler
   Definitions
      At line 223 in file ..\..\libraries\CMSIS\GD\GD32E23x\Source\ARM\startup_
gd32e23x.s
   Uses
      At line 99 in file ..\..\libraries\CMSIS\GD\GD32E23x\Source\ARM\startup_g
d32e23x.s
      At line 193 in file ..\..\libraries\CMSIS\GD\GD32E23x\Source\ARM\startup_
gd32e23x.s

TIMER0_Channel_IRQHandler 0000002C

Symbol: TIMER0_Channel_IRQHandler
   Definitions
      At line 224 in file ..\..\libraries\CMSIS\GD\GD32E23x\Source\ARM\startup_
gd32e23x.s
   Uses
      At line 100 in file ..\..\libraries\CMSIS\GD\GD32E23x\Source\ARM\startup_
gd32e23x.s
      At line 194 in file ..\..\libraries\CMSIS\GD\GD32E23x\Source\ARM\startup_
gd32e23x.s

TIMER13_IRQHandler 0000002C

Symbol: TIMER13_IRQHandler
   Definitions
      At line 227 in file ..\..\libraries\CMSIS\GD\GD32E23x\Source\ARM\startup_
gd32e23x.s
   Uses
      At line 105 in file ..\..\libraries\CMSIS\GD\GD32E23x\Source\ARM\startup_
gd32e23x.s
      At line 197 in file ..\..\libraries\CMSIS\GD\GD32E23x\Source\ARM\startup_
gd32e23x.s

TIMER14_IRQHandler 0000002C

Symbol: TIMER14_IRQHandler
   Definitions
      At line 228 in file ..\..\libraries\CMSIS\GD\GD32E23x\Source\ARM\startup_
gd32e23x.s
   Uses
      At line 106 in file ..\..\libraries\CMSIS\GD\GD32E23x\Source\ARM\startup_
gd32e23x.s
      At line 198 in file ..\..\libraries\CMSIS\GD\GD32E23x\Source\ARM\startup_
gd32e23x.s

TIMER15_IRQHandler 0000002C




ARM Macro Assembler    Page 7 Alphabetic symbol ordering
Relocatable symbols

Symbol: TIMER15_IRQHandler
   Definitions
      At line 229 in file ..\..\libraries\CMSIS\GD\GD32E23x\Source\ARM\startup_
gd32e23x.s
   Uses
      At line 107 in file ..\..\libraries\CMSIS\GD\GD32E23x\Source\ARM\startup_
gd32e23x.s
      At line 199 in file ..\..\libraries\CMSIS\GD\GD32E23x\Source\ARM\startup_
gd32e23x.s

TIMER16_IRQHandler 0000002C

Symbol: TIMER16_IRQHandler
   Definitions
      At line 230 in file ..\..\libraries\CMSIS\GD\GD32E23x\Source\ARM\startup_
gd32e23x.s
   Uses
      At line 108 in file ..\..\libraries\CMSIS\GD\GD32E23x\Source\ARM\startup_
gd32e23x.s
      At line 200 in file ..\..\libraries\CMSIS\GD\GD32E23x\Source\ARM\startup_
gd32e23x.s

TIMER2_IRQHandler 0000002C

Symbol: TIMER2_IRQHandler
   Definitions
      At line 225 in file ..\..\libraries\CMSIS\GD\GD32E23x\Source\ARM\startup_
gd32e23x.s
   Uses
      At line 102 in file ..\..\libraries\CMSIS\GD\GD32E23x\Source\ARM\startup_
gd32e23x.s
      At line 195 in file ..\..\libraries\CMSIS\GD\GD32E23x\Source\ARM\startup_
gd32e23x.s

TIMER5_IRQHandler 0000002C

Symbol: TIMER5_IRQHandler
   Definitions
      At line 226 in file ..\..\libraries\CMSIS\GD\GD32E23x\Source\ARM\startup_
gd32e23x.s
   Uses
      At line 103 in file ..\..\libraries\CMSIS\GD\GD32E23x\Source\ARM\startup_
gd32e23x.s
      At line 196 in file ..\..\libraries\CMSIS\GD\GD32E23x\Source\ARM\startup_
gd32e23x.s

USART0_IRQHandler 0000002C

Symbol: USART0_IRQHandler
   Definitions
      At line 235 in file ..\..\libraries\CMSIS\GD\GD32E23x\Source\ARM\startup_
gd32e23x.s
   Uses
      At line 113 in file ..\..\libraries\CMSIS\GD\GD32E23x\Source\ARM\startup_
gd32e23x.s
      At line 205 in file ..\..\libraries\CMSIS\GD\GD32E23x\Source\ARM\startup_
gd32e23x.s

USART1_IRQHandler 0000002C



ARM Macro Assembler    Page 8 Alphabetic symbol ordering
Relocatable symbols


Symbol: USART1_IRQHandler
   Definitions
      At line 236 in file ..\..\libraries\CMSIS\GD\GD32E23x\Source\ARM\startup_
gd32e23x.s
   Uses
      At line 114 in file ..\..\libraries\CMSIS\GD\GD32E23x\Source\ARM\startup_
gd32e23x.s
      At line 206 in file ..\..\libraries\CMSIS\GD\GD32E23x\Source\ARM\startup_
gd32e23x.s

WWDGT_IRQHandler 0000002C

Symbol: WWDGT_IRQHandler
   Definitions
      At line 211 in file ..\..\libraries\CMSIS\GD\GD32E23x\Source\ARM\startup_
gd32e23x.s
   Uses
      At line 86 in file ..\..\libraries\CMSIS\GD\GD32E23x\Source\ARM\startup_g
d32e23x.s
      At line 181 in file ..\..\libraries\CMSIS\GD\GD32E23x\Source\ARM\startup_
gd32e23x.s

37 symbols



ARM Macro Assembler    Page 1 Alphabetic symbol ordering
Absolute symbols

Heap_Size 00000400

Symbol: Heap_Size
   Definitions
      At line 52 in file ..\..\libraries\CMSIS\GD\GD32E23x\Source\ARM\startup_g
d32e23x.s
   Uses
      At line 56 in file ..\..\libraries\CMSIS\GD\GD32E23x\Source\ARM\startup_g
d32e23x.s
Comment: Heap_Size used once
Stack_Size 00000400

Symbol: Stack_Size
   Definitions
      At line 41 in file ..\..\libraries\CMSIS\GD\GD32E23x\Source\ARM\startup_g
d32e23x.s
   Uses
      At line 44 in file ..\..\libraries\CMSIS\GD\GD32E23x\Source\ARM\startup_g
d32e23x.s
Comment: Stack_Size used once
__Vectors_Size 000000CC

Symbol: __Vectors_Size
   Definitions
      At line 123 in file ..\..\libraries\CMSIS\GD\GD32E23x\Source\ARM\startup_
gd32e23x.s
   Uses
      At line 66 in file ..\..\libraries\CMSIS\GD\GD32E23x\Source\ARM\startup_g
d32e23x.s
Comment: __Vectors_Size used once
3 symbols



ARM Macro Assembler    Page 1 Alphabetic symbol ordering
External symbols

SystemInit 00000000

Symbol: SystemInit
   Definitions
      At line 130 in file ..\..\libraries\CMSIS\GD\GD32E23x\Source\ARM\startup_
gd32e23x.s
   Uses
      At line 146 in file ..\..\libraries\CMSIS\GD\GD32E23x\Source\ARM\startup_
gd32e23x.s
Comment: SystemInit used once
__main 00000000

Symbol: __main
   Definitions
      At line 131 in file ..\..\libraries\CMSIS\GD\GD32E23x\Source\ARM\startup_
gd32e23x.s
   Uses
      At line 148 in file ..\..\libraries\CMSIS\GD\GD32E23x\Source\ARM\startup_
gd32e23x.s
Comment: __main used once
2 symbols
389 symbols in table
